<!doctype html public "-//w3c//dtd html 4.0 transitional//en">
<html><head>
<title>Static Call Graph - [.\Objects\project.axf]</title></head>
<body><HR>
<H1>Static Call Graph for image .\Objects\project.axf</H1><HR>
<BR><P>#&#060CALLGRAPH&#062# ARM Linker, 6190004: Last Updated: Sat Aug  9 18:24:26 2025
<BR><P>
<H3>Maximum Stack Usage =        648 bytes + Unknown(Functions without stacksize, Cycles, Untraceable Function Pointers)</H3><H3>
Call chain for Maximum Stack Depth:</H3>
main &rArr; lora_ProcessData &rArr; Parse_JSON_Data &rArr; cJSON_Parse &rArr; cJSON_ParseWithOpts &rArr; cJSON_ParseWithLengthOpts &rArr; parse_value &rArr; parse_number &rArr; __hardfp_strtod &rArr; __strtod_int &rArr; _local_sscanf &rArr; _scanf_real
<P>
<H3>
Functions with no stack information
</H3><UL>
 <LI><a href="#[0]">Reset_Handler</a>
 <LI><a href="#[2]">HardFault_Handler</a>
 <LI><a href="#[1d]">ADC1_2_IRQHandler</a>
 <LI><a href="#[d]">BKP_TAMPER_IRQHandler</a>
 <LI><a href="#[4]">BusFault_Handler</a>
 <LI><a href="#[43]">COMP_IRQHandler</a>
 <LI><a href="#[16]">DMA1_CH1_IRQHandler</a>
 <LI><a href="#[17]">DMA1_CH2_IRQHandler</a>
 <LI><a href="#[18]">DMA1_CH3_IRQHandler</a>
 <LI><a href="#[19]">DMA1_CH4_IRQHandler</a>
 <LI><a href="#[1a]">DMA1_CH5_IRQHandler</a>
 <LI><a href="#[1b]">DMA1_CH6_IRQHandler</a>
 <LI><a href="#[1c]">DMA1_CH7_IRQHandler</a>
 <LI><a href="#[1e]">DMA1_CH8_IRQHandler</a>
 <LI><a href="#[3c]">DMA2_CH1_IRQHandler</a>
 <LI><a href="#[3d]">DMA2_CH2_IRQHandler</a>
 <LI><a href="#[3e]">DMA2_CH3_IRQHandler</a>
 <LI><a href="#[3f]">DMA2_CH4_IRQHandler</a>
 <LI><a href="#[40]">DMA2_CH5_IRQHandler</a>
 <LI><a href="#[46]">DMA2_CH6_IRQHandler</a>
 <LI><a href="#[47]">DMA2_CH7_IRQHandler</a>
 <LI><a href="#[48]">DMA2_CH8_IRQHandler</a>
 <LI><a href="#[8]">DebugMonitor_Handler</a>
 <LI><a href="#[19b]">Default_Handler</a>
 <LI><a href="#[41]">ENET_IRQHandler</a>
 <LI><a href="#[42]">ENET_WKUP_IRQHandler</a>
 <LI><a href="#[11]">EXTI0_IRQHandler</a>
 <LI><a href="#[2f]">EXTI15_10_IRQHandler</a>
 <LI><a href="#[12]">EXTI1_IRQHandler</a>
 <LI><a href="#[13]">EXTI2_IRQHandler</a>
 <LI><a href="#[14]">EXTI3_IRQHandler</a>
 <LI><a href="#[15]">EXTI4_IRQHandler</a>
 <LI><a href="#[20]">EXTI9_5_IRQHandler</a>
 <LI><a href="#[f]">FLASH_IRQHandler</a>
 <LI><a href="#[1f]">FlexCAN1_IRQHandler</a>
 <LI><a href="#[44]">FlexCAN2_IRQHandler</a>
 <LI><a href="#[28]">I2C1_IRQHandler</a>
 <LI><a href="#[29]">I2C2_IRQHandler</a>
 <LI><a href="#[4c]">LPTIM_IRQHandler</a>
 <LI><a href="#[4d]">LPUART_IRQHandler</a>
 <LI><a href="#[3]">MemManage_Handler</a>
 <LI><a href="#[1]">NMI_Handler</a>
 <LI><a href="#[c]">PVD_IRQHandler</a>
 <LI><a href="#[9]">PendSV_Handler</a>
 <LI><a href="#[4b]">QSPI_IRQHandler</a>
 <LI><a href="#[10]">RCC_CRS_IRQHandler</a>
 <LI><a href="#[30]">RTC_ALR_IRQHandler</a>
 <LI><a href="#[e]">RTC_IRQHandler</a>
 <LI><a href="#[2a]">SPI1_IRQHandler</a>
 <LI><a href="#[2b]">SPI2_IRQHandler</a>
 <LI><a href="#[37]">SPI3_IRQHandler</a>
 <LI><a href="#[7]">SVCall_Handler</a>
 <LI><a href="#[6]">SecureFault_Handler</a>
 <LI><a href="#[a]">SysTick_Handler</a>
 <LI><a href="#[21]">TIM1_BRK_IRQHandler</a>
 <LI><a href="#[24]">TIM1_CC_IRQHandler</a>
 <LI><a href="#[23]">TIM1_TRG_COM_IRQHandler</a>
 <LI><a href="#[22]">TIM1_UP_IRQHandler</a>
 <LI><a href="#[25]">TIM2_IRQHandler</a>
 <LI><a href="#[26]">TIM3_IRQHandler</a>
 <LI><a href="#[27]">TIM4_IRQHandler</a>
 <LI><a href="#[36]">TIM5_IRQHandler</a>
 <LI><a href="#[3a]">TIM6_IRQHandler</a>
 <LI><a href="#[3b]">TIM7_IRQHandler</a>
 <LI><a href="#[32]">TIM8_BRK_IRQHandler</a>
 <LI><a href="#[35]">TIM8_CC_IRQHandler</a>
 <LI><a href="#[34]">TIM8_TRG_COM_IRQHandler</a>
 <LI><a href="#[2c]">UART1_IRQHandler</a>
 <LI><a href="#[2e]">UART3_IRQHandler</a>
 <LI><a href="#[38]">UART4_IRQHandler</a>
 <LI><a href="#[39]">UART5_IRQHandler</a>
 <LI><a href="#[49]">UART6_IRQHandler</a>
 <LI><a href="#[4a]">UART7_IRQHandler</a>
 <LI><a href="#[45]">USB_FS_IRQHandler</a>
 <LI><a href="#[31]">USB_WKUP_IRQHandler</a>
 <LI><a href="#[5]">UsageFault_Handler</a>
 <LI><a href="#[b]">WWDG_IWDG_IRQHandler</a>
</UL>
</UL>
<P>
<H3>
Mutually Recursive functions
</H3> <LI><a href="#[87]">cJSON_Delete</a>&nbsp;&nbsp;&nbsp;&rArr;&nbsp;&nbsp;&nbsp;<a href="#[87]">cJSON_Delete</a><BR>
 <LI><a href="#[9d]">parse_object</a>&nbsp;&nbsp;&nbsp;&rArr;&nbsp;&nbsp;&nbsp;<a href="#[97]">parse_value</a><BR>
 <LI><a href="#[9c]">parse_array</a>&nbsp;&nbsp;&nbsp;&rArr;&nbsp;&nbsp;&nbsp;<a href="#[97]">parse_value</a><BR>
 <LI><a href="#[2]">HardFault_Handler</a>&nbsp;&nbsp;&nbsp;&rArr;&nbsp;&nbsp;&nbsp;<a href="#[2]">HardFault_Handler</a><BR>
 <LI><a href="#[1d]">ADC1_2_IRQHandler</a>&nbsp;&nbsp;&nbsp;&rArr;&nbsp;&nbsp;&nbsp;<a href="#[1d]">ADC1_2_IRQHandler</a><BR>
</UL>
<P>
<H3>
Function Pointers
</H3><UL>
 <LI><a href="#[1d]">ADC1_2_IRQHandler</a> from startup_mm32f5277e.o(.text) referenced from startup_mm32f5277e.o(RESET)
 <LI><a href="#[d]">BKP_TAMPER_IRQHandler</a> from startup_mm32f5277e.o(.text) referenced from startup_mm32f5277e.o(RESET)
 <LI><a href="#[4]">BusFault_Handler</a> from startup_mm32f5277e.o(.text) referenced from startup_mm32f5277e.o(RESET)
 <LI><a href="#[43]">COMP_IRQHandler</a> from startup_mm32f5277e.o(.text) referenced from startup_mm32f5277e.o(RESET)
 <LI><a href="#[16]">DMA1_CH1_IRQHandler</a> from startup_mm32f5277e.o(.text) referenced from startup_mm32f5277e.o(RESET)
 <LI><a href="#[17]">DMA1_CH2_IRQHandler</a> from startup_mm32f5277e.o(.text) referenced from startup_mm32f5277e.o(RESET)
 <LI><a href="#[18]">DMA1_CH3_IRQHandler</a> from startup_mm32f5277e.o(.text) referenced from startup_mm32f5277e.o(RESET)
 <LI><a href="#[19]">DMA1_CH4_IRQHandler</a> from startup_mm32f5277e.o(.text) referenced from startup_mm32f5277e.o(RESET)
 <LI><a href="#[1a]">DMA1_CH5_IRQHandler</a> from startup_mm32f5277e.o(.text) referenced from startup_mm32f5277e.o(RESET)
 <LI><a href="#[1b]">DMA1_CH6_IRQHandler</a> from startup_mm32f5277e.o(.text) referenced from startup_mm32f5277e.o(RESET)
 <LI><a href="#[1c]">DMA1_CH7_IRQHandler</a> from startup_mm32f5277e.o(.text) referenced from startup_mm32f5277e.o(RESET)
 <LI><a href="#[1e]">DMA1_CH8_IRQHandler</a> from startup_mm32f5277e.o(.text) referenced from startup_mm32f5277e.o(RESET)
 <LI><a href="#[3c]">DMA2_CH1_IRQHandler</a> from startup_mm32f5277e.o(.text) referenced from startup_mm32f5277e.o(RESET)
 <LI><a href="#[3d]">DMA2_CH2_IRQHandler</a> from startup_mm32f5277e.o(.text) referenced from startup_mm32f5277e.o(RESET)
 <LI><a href="#[3e]">DMA2_CH3_IRQHandler</a> from startup_mm32f5277e.o(.text) referenced from startup_mm32f5277e.o(RESET)
 <LI><a href="#[3f]">DMA2_CH4_IRQHandler</a> from startup_mm32f5277e.o(.text) referenced from startup_mm32f5277e.o(RESET)
 <LI><a href="#[40]">DMA2_CH5_IRQHandler</a> from startup_mm32f5277e.o(.text) referenced from startup_mm32f5277e.o(RESET)
 <LI><a href="#[46]">DMA2_CH6_IRQHandler</a> from startup_mm32f5277e.o(.text) referenced from startup_mm32f5277e.o(RESET)
 <LI><a href="#[47]">DMA2_CH7_IRQHandler</a> from startup_mm32f5277e.o(.text) referenced from startup_mm32f5277e.o(RESET)
 <LI><a href="#[48]">DMA2_CH8_IRQHandler</a> from startup_mm32f5277e.o(.text) referenced from startup_mm32f5277e.o(RESET)
 <LI><a href="#[8]">DebugMonitor_Handler</a> from startup_mm32f5277e.o(.text) referenced from startup_mm32f5277e.o(RESET)
 <LI><a href="#[41]">ENET_IRQHandler</a> from startup_mm32f5277e.o(.text) referenced from startup_mm32f5277e.o(RESET)
 <LI><a href="#[42]">ENET_WKUP_IRQHandler</a> from startup_mm32f5277e.o(.text) referenced from startup_mm32f5277e.o(RESET)
 <LI><a href="#[11]">EXTI0_IRQHandler</a> from startup_mm32f5277e.o(.text) referenced from startup_mm32f5277e.o(RESET)
 <LI><a href="#[2f]">EXTI15_10_IRQHandler</a> from startup_mm32f5277e.o(.text) referenced from startup_mm32f5277e.o(RESET)
 <LI><a href="#[12]">EXTI1_IRQHandler</a> from startup_mm32f5277e.o(.text) referenced from startup_mm32f5277e.o(RESET)
 <LI><a href="#[13]">EXTI2_IRQHandler</a> from startup_mm32f5277e.o(.text) referenced from startup_mm32f5277e.o(RESET)
 <LI><a href="#[14]">EXTI3_IRQHandler</a> from startup_mm32f5277e.o(.text) referenced from startup_mm32f5277e.o(RESET)
 <LI><a href="#[15]">EXTI4_IRQHandler</a> from startup_mm32f5277e.o(.text) referenced from startup_mm32f5277e.o(RESET)
 <LI><a href="#[20]">EXTI9_5_IRQHandler</a> from startup_mm32f5277e.o(.text) referenced from startup_mm32f5277e.o(RESET)
 <LI><a href="#[f]">FLASH_IRQHandler</a> from startup_mm32f5277e.o(.text) referenced from startup_mm32f5277e.o(RESET)
 <LI><a href="#[1f]">FlexCAN1_IRQHandler</a> from startup_mm32f5277e.o(.text) referenced from startup_mm32f5277e.o(RESET)
 <LI><a href="#[44]">FlexCAN2_IRQHandler</a> from startup_mm32f5277e.o(.text) referenced from startup_mm32f5277e.o(RESET)
 <LI><a href="#[2]">HardFault_Handler</a> from startup_mm32f5277e.o(.text) referenced from startup_mm32f5277e.o(RESET)
 <LI><a href="#[28]">I2C1_IRQHandler</a> from startup_mm32f5277e.o(.text) referenced from startup_mm32f5277e.o(RESET)
 <LI><a href="#[29]">I2C2_IRQHandler</a> from startup_mm32f5277e.o(.text) referenced from startup_mm32f5277e.o(RESET)
 <LI><a href="#[4c]">LPTIM_IRQHandler</a> from startup_mm32f5277e.o(.text) referenced from startup_mm32f5277e.o(RESET)
 <LI><a href="#[4d]">LPUART_IRQHandler</a> from startup_mm32f5277e.o(.text) referenced from startup_mm32f5277e.o(RESET)
 <LI><a href="#[3]">MemManage_Handler</a> from startup_mm32f5277e.o(.text) referenced from startup_mm32f5277e.o(RESET)
 <LI><a href="#[1]">NMI_Handler</a> from startup_mm32f5277e.o(.text) referenced from startup_mm32f5277e.o(RESET)
 <LI><a href="#[c]">PVD_IRQHandler</a> from startup_mm32f5277e.o(.text) referenced from startup_mm32f5277e.o(RESET)
 <LI><a href="#[9]">PendSV_Handler</a> from startup_mm32f5277e.o(.text) referenced from startup_mm32f5277e.o(RESET)
 <LI><a href="#[4b]">QSPI_IRQHandler</a> from startup_mm32f5277e.o(.text) referenced from startup_mm32f5277e.o(RESET)
 <LI><a href="#[10]">RCC_CRS_IRQHandler</a> from startup_mm32f5277e.o(.text) referenced from startup_mm32f5277e.o(RESET)
 <LI><a href="#[30]">RTC_ALR_IRQHandler</a> from startup_mm32f5277e.o(.text) referenced from startup_mm32f5277e.o(RESET)
 <LI><a href="#[e]">RTC_IRQHandler</a> from startup_mm32f5277e.o(.text) referenced from startup_mm32f5277e.o(RESET)
 <LI><a href="#[0]">Reset_Handler</a> from startup_mm32f5277e.o(.text) referenced from startup_mm32f5277e.o(RESET)
 <LI><a href="#[2a]">SPI1_IRQHandler</a> from startup_mm32f5277e.o(.text) referenced from startup_mm32f5277e.o(RESET)
 <LI><a href="#[2b]">SPI2_IRQHandler</a> from startup_mm32f5277e.o(.text) referenced from startup_mm32f5277e.o(RESET)
 <LI><a href="#[37]">SPI3_IRQHandler</a> from startup_mm32f5277e.o(.text) referenced from startup_mm32f5277e.o(RESET)
 <LI><a href="#[7]">SVCall_Handler</a> from startup_mm32f5277e.o(.text) referenced from startup_mm32f5277e.o(RESET)
 <LI><a href="#[6]">SecureFault_Handler</a> from startup_mm32f5277e.o(.text) referenced from startup_mm32f5277e.o(RESET)
 <LI><a href="#[a]">SysTick_Handler</a> from startup_mm32f5277e.o(.text) referenced from startup_mm32f5277e.o(RESET)
 <LI><a href="#[21]">TIM1_BRK_IRQHandler</a> from startup_mm32f5277e.o(.text) referenced from startup_mm32f5277e.o(RESET)
 <LI><a href="#[24]">TIM1_CC_IRQHandler</a> from startup_mm32f5277e.o(.text) referenced from startup_mm32f5277e.o(RESET)
 <LI><a href="#[23]">TIM1_TRG_COM_IRQHandler</a> from startup_mm32f5277e.o(.text) referenced from startup_mm32f5277e.o(RESET)
 <LI><a href="#[22]">TIM1_UP_IRQHandler</a> from startup_mm32f5277e.o(.text) referenced from startup_mm32f5277e.o(RESET)
 <LI><a href="#[25]">TIM2_IRQHandler</a> from startup_mm32f5277e.o(.text) referenced from startup_mm32f5277e.o(RESET)
 <LI><a href="#[26]">TIM3_IRQHandler</a> from startup_mm32f5277e.o(.text) referenced from startup_mm32f5277e.o(RESET)
 <LI><a href="#[27]">TIM4_IRQHandler</a> from startup_mm32f5277e.o(.text) referenced from startup_mm32f5277e.o(RESET)
 <LI><a href="#[36]">TIM5_IRQHandler</a> from startup_mm32f5277e.o(.text) referenced from startup_mm32f5277e.o(RESET)
 <LI><a href="#[3a]">TIM6_IRQHandler</a> from startup_mm32f5277e.o(.text) referenced from startup_mm32f5277e.o(RESET)
 <LI><a href="#[3b]">TIM7_IRQHandler</a> from startup_mm32f5277e.o(.text) referenced from startup_mm32f5277e.o(RESET)
 <LI><a href="#[32]">TIM8_BRK_IRQHandler</a> from startup_mm32f5277e.o(.text) referenced from startup_mm32f5277e.o(RESET)
 <LI><a href="#[35]">TIM8_CC_IRQHandler</a> from startup_mm32f5277e.o(.text) referenced from startup_mm32f5277e.o(RESET)
 <LI><a href="#[34]">TIM8_TRG_COM_IRQHandler</a> from startup_mm32f5277e.o(.text) referenced from startup_mm32f5277e.o(RESET)
 <LI><a href="#[33]">TIM8_UP_IRQHandler</a> from water_level.o(.text) referenced from startup_mm32f5277e.o(RESET)
 <LI><a href="#[2c]">UART1_IRQHandler</a> from startup_mm32f5277e.o(.text) referenced from startup_mm32f5277e.o(RESET)
 <LI><a href="#[2d]">UART2_IRQHandler</a> from lora.o(.text) referenced from startup_mm32f5277e.o(RESET)
 <LI><a href="#[2e]">UART3_IRQHandler</a> from startup_mm32f5277e.o(.text) referenced from startup_mm32f5277e.o(RESET)
 <LI><a href="#[38]">UART4_IRQHandler</a> from startup_mm32f5277e.o(.text) referenced from startup_mm32f5277e.o(RESET)
 <LI><a href="#[39]">UART5_IRQHandler</a> from startup_mm32f5277e.o(.text) referenced from startup_mm32f5277e.o(RESET)
 <LI><a href="#[49]">UART6_IRQHandler</a> from startup_mm32f5277e.o(.text) referenced from startup_mm32f5277e.o(RESET)
 <LI><a href="#[4a]">UART7_IRQHandler</a> from startup_mm32f5277e.o(.text) referenced from startup_mm32f5277e.o(RESET)
 <LI><a href="#[45]">USB_FS_IRQHandler</a> from startup_mm32f5277e.o(.text) referenced from startup_mm32f5277e.o(RESET)
 <LI><a href="#[31]">USB_WKUP_IRQHandler</a> from startup_mm32f5277e.o(.text) referenced from startup_mm32f5277e.o(RESET)
 <LI><a href="#[5]">UsageFault_Handler</a> from startup_mm32f5277e.o(.text) referenced from startup_mm32f5277e.o(RESET)
 <LI><a href="#[b]">WWDG_IWDG_IRQHandler</a> from startup_mm32f5277e.o(.text) referenced from startup_mm32f5277e.o(RESET)
 <LI><a href="#[53]">_sbackspace</a> from _sgetc.o(.text) referenced 2 times from sscanf.o(.text)
 <LI><a href="#[54]">_scanf_char_input</a> from scanf_char.o(.text) referenced from scanf_char.o(.text)
 <LI><a href="#[52]">_sgetc</a> from _sgetc.o(.text) referenced 2 times from sscanf.o(.text)
 <LI><a href="#[57]">_snputc</a> from printfa.o(i._snputc) referenced from printfa.o(i.__0snprintf)
 <LI><a href="#[58]">_sputc</a> from printfa.o(i._sputc) referenced from printfa.o(i.__0sprintf)
 <LI><a href="#[56]">fputc</a> from board_init.o(.text) referenced from printfa.o(i.__0printf)
 <LI><a href="#[50]">free</a> from mallocr2.o(i.__free$realloc$2region) referenced from cjson.o(.data.global_hooks)
 <LI><a href="#[50]">free</a> from mallocr2.o(i.__free$realloc$2region) referenced 6 times from cjson.o(.text)
 <LI><a href="#[55]">isspace</a> from isspace_c.o(.text) referenced 2 times from scanf_char.o(.text)
 <LI><a href="#[4e]">main</a> from main.o(.text) referenced from entry9a.o(.ARM.Collect$$$$0000000B)
 <LI><a href="#[4f]">malloc</a> from mallocr2.o(i.__malloc$realloc$2region) referenced from cjson.o(.data.global_hooks)
 <LI><a href="#[4f]">malloc</a> from mallocr2.o(i.__malloc$realloc$2region) referenced 6 times from cjson.o(.text)
 <LI><a href="#[51]">realloc</a> from mallocr2.o(i.__realloc$2region) referenced from cjson.o(.data.global_hooks)
 <LI><a href="#[51]">realloc</a> from mallocr2.o(i.__realloc$2region) referenced 4 times from cjson.o(.text)
</UL>
<P>
<H3>
Global Symbols
</H3>
<P><STRONG><a name="[59]"></a>__main</STRONG> (Thumb, 0 bytes, Stack size unknown bytes, entry.o(.ARM.Collect$$$$00000000))
<BR><BR>[Called By]<UL><LI><a href="#[0]">&gt;&gt;</a>&nbsp;&nbsp;&nbsp;Reset_Handler
</UL>

<P><STRONG><a name="[14c]"></a>_main_stk</STRONG> (Thumb, 0 bytes, Stack size unknown bytes, entry4.o(.ARM.Collect$$$$00000003))

<P><STRONG><a name="[5a]"></a>_main_scatterload</STRONG> (Thumb, 0 bytes, Stack size unknown bytes, entry5.o(.ARM.Collect$$$$00000004))
<BR><BR>[Calls]<UL><LI><a href="#[5b]">&gt;&gt;</a>&nbsp;&nbsp;&nbsp;__scatterload
</UL>

<P><STRONG><a name="[13f]"></a>__main_after_scatterload</STRONG> (Thumb, 0 bytes, Stack size unknown bytes, entry5.o(.ARM.Collect$$$$00000004))
<BR><BR>[Called By]<UL><LI><a href="#[5b]">&gt;&gt;</a>&nbsp;&nbsp;&nbsp;__scatterload
</UL>

<P><STRONG><a name="[14d]"></a>_main_clock</STRONG> (Thumb, 0 bytes, Stack size unknown bytes, entry7b.o(.ARM.Collect$$$$00000008))

<P><STRONG><a name="[14e]"></a>_main_cpp_init</STRONG> (Thumb, 0 bytes, Stack size unknown bytes, entry8b.o(.ARM.Collect$$$$0000000A))

<P><STRONG><a name="[14f]"></a>_main_init</STRONG> (Thumb, 0 bytes, Stack size unknown bytes, entry9a.o(.ARM.Collect$$$$0000000B))

<P><STRONG><a name="[150]"></a>__rt_final_cpp</STRONG> (Thumb, 0 bytes, Stack size unknown bytes, entry10a.o(.ARM.Collect$$$$0000000D))

<P><STRONG><a name="[151]"></a>__rt_final_exit</STRONG> (Thumb, 0 bytes, Stack size unknown bytes, entry11a.o(.ARM.Collect$$$$0000000F))

<P><STRONG><a name="[5d]"></a>delay_us</STRONG> (Thumb, 60 bytes, Stack size 12 bytes, board_init.o(.text))
<BR><BR>[Stack]<UL><LI>Max Depth = 12<LI>Call Chain = delay_us
</UL>
<BR>[Called By]<UL><LI><a href="#[5c]">&gt;&gt;</a>&nbsp;&nbsp;&nbsp;delay_ms
<LI><a href="#[122]">&gt;&gt;</a>&nbsp;&nbsp;&nbsp;HX711_GetData
</UL>

<P><STRONG><a name="[5c]"></a>delay_ms</STRONG> (Thumb, 32 bytes, Stack size 16 bytes, board_init.o(.text))
<BR><BR>[Stack]<UL><LI>Max Depth = 28<LI>Call Chain = delay_ms &rArr; delay_us
</UL>
<BR>[Calls]<UL><LI><a href="#[5d]">&gt;&gt;</a>&nbsp;&nbsp;&nbsp;delay_us
</UL>
<BR>[Called By]<UL><LI><a href="#[124]">&gt;&gt;</a>&nbsp;&nbsp;&nbsp;control_motor
</UL>

<P><STRONG><a name="[5e]"></a>BOARD_Init</STRONG> (Thumb, 36 bytes, Stack size 8 bytes, board_init.o(.text))
<BR><BR>[Stack]<UL><LI>Max Depth = 104<LI>Call Chain = BOARD_Init &rArr; boor_init &rArr; TIM_EnableOutputCompare &rArr; _TIM_WriteChannelCtrlReg
</UL>
<BR>[Calls]<UL><LI><a href="#[66]">&gt;&gt;</a>&nbsp;&nbsp;&nbsp;weight_reset_init
<LI><a href="#[65]">&gt;&gt;</a>&nbsp;&nbsp;&nbsp;lora_init
<LI><a href="#[64]">&gt;&gt;</a>&nbsp;&nbsp;&nbsp;boor_init
<LI><a href="#[63]">&gt;&gt;</a>&nbsp;&nbsp;&nbsp;water_level_init
<LI><a href="#[62]">&gt;&gt;</a>&nbsp;&nbsp;&nbsp;relay_init
<LI><a href="#[61]">&gt;&gt;</a>&nbsp;&nbsp;&nbsp;BOARD_InitDebugConsole
<LI><a href="#[60]">&gt;&gt;</a>&nbsp;&nbsp;&nbsp;BOARD_InitPins
<LI><a href="#[5f]">&gt;&gt;</a>&nbsp;&nbsp;&nbsp;BOARD_InitBootClocks
</UL>
<BR>[Called By]<UL><LI><a href="#[4e]">&gt;&gt;</a>&nbsp;&nbsp;&nbsp;main
</UL>

<P><STRONG><a name="[61]"></a>BOARD_InitDebugConsole</STRONG> (Thumb, 80 bytes, Stack size 32 bytes, board_init.o(.text))
<BR><BR>[Stack]<UL><LI>Max Depth = 48<LI>Call Chain = BOARD_InitDebugConsole &rArr; UART_Init
</UL>
<BR>[Calls]<UL><LI><a href="#[68]">&gt;&gt;</a>&nbsp;&nbsp;&nbsp;UART_Enable
<LI><a href="#[67]">&gt;&gt;</a>&nbsp;&nbsp;&nbsp;UART_Init
</UL>
<BR>[Called By]<UL><LI><a href="#[5e]">&gt;&gt;</a>&nbsp;&nbsp;&nbsp;BOARD_Init
</UL>

<P><STRONG><a name="[56]"></a>fputc</STRONG> (Thumb, 54 bytes, Stack size 16 bytes, board_init.o(.text))
<BR><BR>[Stack]<UL><LI>Max Depth = 24<LI>Call Chain = fputc &rArr; UART_PutData
</UL>
<BR>[Calls]<UL><LI><a href="#[6a]">&gt;&gt;</a>&nbsp;&nbsp;&nbsp;UART_PutData
<LI><a href="#[69]">&gt;&gt;</a>&nbsp;&nbsp;&nbsp;UART_GetStatus
</UL>
<BR>[Address Reference Count : 1]<UL><LI> printfa.o(i.__0printf)
</UL>
<P><STRONG><a name="[6b]"></a>fgetc</STRONG> (Thumb, 46 bytes, Stack size 16 bytes, board_init.o(.text), UNUSED)
<BR><BR>[Calls]<UL><LI><a href="#[6c]">&gt;&gt;</a>&nbsp;&nbsp;&nbsp;UART_GetData
<LI><a href="#[69]">&gt;&gt;</a>&nbsp;&nbsp;&nbsp;UART_GetStatus
</UL>

<P><STRONG><a name="[5f]"></a>BOARD_InitBootClocks</STRONG> (Thumb, 224 bytes, Stack size 48 bytes, clock_init.o(.text))
<BR><BR>[Stack]<UL><LI>Max Depth = 56<LI>Call Chain = BOARD_InitBootClocks &rArr; RCC_EnableAHB1Periphs
</UL>
<BR>[Calls]<UL><LI><a href="#[74]">&gt;&gt;</a>&nbsp;&nbsp;&nbsp;RCC_ResetAHB1Periphs
<LI><a href="#[73]">&gt;&gt;</a>&nbsp;&nbsp;&nbsp;RCC_EnableAHB1Periphs
<LI><a href="#[72]">&gt;&gt;</a>&nbsp;&nbsp;&nbsp;RCC_ResetAPB1Periphs
<LI><a href="#[71]">&gt;&gt;</a>&nbsp;&nbsp;&nbsp;RCC_EnableAPB1Periphs
<LI><a href="#[70]">&gt;&gt;</a>&nbsp;&nbsp;&nbsp;RCC_ResetAPB2Periphs
<LI><a href="#[6f]">&gt;&gt;</a>&nbsp;&nbsp;&nbsp;RCC_EnableAPB2Periphs
<LI><a href="#[6e]">&gt;&gt;</a>&nbsp;&nbsp;&nbsp;CLOCK_BootToHSE120MHz
<LI><a href="#[6d]">&gt;&gt;</a>&nbsp;&nbsp;&nbsp;CLOCK_ResetToDefault
</UL>
<BR>[Called By]<UL><LI><a href="#[5e]">&gt;&gt;</a>&nbsp;&nbsp;&nbsp;BOARD_Init
</UL>

<P><STRONG><a name="[6d]"></a>CLOCK_ResetToDefault</STRONG> (Thumb, 104 bytes, Stack size 0 bytes, clock_init.o(.text))
<BR><BR>[Called By]<UL><LI><a href="#[5f]">&gt;&gt;</a>&nbsp;&nbsp;&nbsp;BOARD_InitBootClocks
</UL>

<P><STRONG><a name="[6e]"></a>CLOCK_BootToHSE120MHz</STRONG> (Thumb, 212 bytes, Stack size 0 bytes, clock_init.o(.text))
<BR><BR>[Called By]<UL><LI><a href="#[5f]">&gt;&gt;</a>&nbsp;&nbsp;&nbsp;BOARD_InitBootClocks
</UL>

<P><STRONG><a name="[4e]"></a>main</STRONG> (Thumb, 36 bytes, Stack size 16 bytes, main.o(.text))
<BR><BR>[Stack]<UL><LI>Max Depth = 648<LI>Call Chain = main &rArr; lora_ProcessData &rArr; Parse_JSON_Data &rArr; cJSON_Parse &rArr; cJSON_ParseWithOpts &rArr; cJSON_ParseWithLengthOpts &rArr; parse_value &rArr; parse_number &rArr; __hardfp_strtod &rArr; __strtod_int &rArr; _local_sscanf &rArr; _scanf_real
</UL>
<BR>[Calls]<UL><LI><a href="#[77]">&gt;&gt;</a>&nbsp;&nbsp;&nbsp;send_sensors_data
<LI><a href="#[76]">&gt;&gt;</a>&nbsp;&nbsp;&nbsp;lora_ProcessData
<LI><a href="#[5e]">&gt;&gt;</a>&nbsp;&nbsp;&nbsp;BOARD_Init
<LI><a href="#[75]">&gt;&gt;</a>&nbsp;&nbsp;&nbsp;printf
</UL>
<BR>[Address Reference Count : 1]<UL><LI> entry9a.o(.ARM.Collect$$$$0000000B)
</UL>
<P><STRONG><a name="[60]"></a>BOARD_InitPins</STRONG> (Thumb, 538 bytes, Stack size 72 bytes, pin_init.o(.text))
<BR><BR>[Stack]<UL><LI>Max Depth = 96<LI>Call Chain = BOARD_InitPins &rArr; GPIO_Init
</UL>
<BR>[Calls]<UL><LI><a href="#[79]">&gt;&gt;</a>&nbsp;&nbsp;&nbsp;GPIO_PinAFConf
<LI><a href="#[78]">&gt;&gt;</a>&nbsp;&nbsp;&nbsp;GPIO_Init
</UL>
<BR>[Called By]<UL><LI><a href="#[5e]">&gt;&gt;</a>&nbsp;&nbsp;&nbsp;BOARD_Init
</UL>

<P><STRONG><a name="[152]"></a>ADC_Init</STRONG> (Thumb, 184 bytes, Stack size 8 bytes, hal_adc.o(.text), UNUSED)

<P><STRONG><a name="[153]"></a>ADC_Enable</STRONG> (Thumb, 46 bytes, Stack size 8 bytes, hal_adc.o(.text), UNUSED)

<P><STRONG><a name="[154]"></a>ADC_EnableTempSensor</STRONG> (Thumb, 46 bytes, Stack size 8 bytes, hal_adc.o(.text), UNUSED)

<P><STRONG><a name="[155]"></a>ADC_EnableVoltSensor</STRONG> (Thumb, 46 bytes, Stack size 8 bytes, hal_adc.o(.text), UNUSED)

<P><STRONG><a name="[156]"></a>ADC_EnableDMA</STRONG> (Thumb, 46 bytes, Stack size 8 bytes, hal_adc.o(.text), UNUSED)

<P><STRONG><a name="[157]"></a>ADC_EnableInterrupts</STRONG> (Thumb, 410 bytes, Stack size 12 bytes, hal_adc.o(.text), UNUSED)

<P><STRONG><a name="[109]"></a>ADC_GetStatus</STRONG> (Thumb, 188 bytes, Stack size 8 bytes, hal_adc.o(.text), UNUSED)
<BR><BR>[Called By]<UL><LI><a href="#[106]">&gt;&gt;</a>&nbsp;&nbsp;&nbsp;adc_convert
</UL>

<P><STRONG><a name="[10a]"></a>ADC_ClearStatus</STRONG> (Thumb, 180 bytes, Stack size 8 bytes, hal_adc.o(.text), UNUSED)
<BR><BR>[Called By]<UL><LI><a href="#[106]">&gt;&gt;</a>&nbsp;&nbsp;&nbsp;adc_convert
</UL>

<P><STRONG><a name="[158]"></a>ADC_GetConvResult</STRONG> (Thumb, 52 bytes, Stack size 16 bytes, hal_adc.o(.text), UNUSED)

<P><STRONG><a name="[10b]"></a>ADC_GetSlotConvResult</STRONG> (Thumb, 46 bytes, Stack size 16 bytes, hal_adc.o(.text), UNUSED)
<BR><BR>[Called By]<UL><LI><a href="#[106]">&gt;&gt;</a>&nbsp;&nbsp;&nbsp;adc_convert
</UL>

<P><STRONG><a name="[159]"></a>ADC_GetExtConvResult</STRONG> (Thumb, 52 bytes, Stack size 16 bytes, hal_adc.o(.text), UNUSED)

<P><STRONG><a name="[15a]"></a>ADC_GetExtSlotConvResult</STRONG> (Thumb, 48 bytes, Stack size 16 bytes, hal_adc.o(.text), UNUSED)

<P><STRONG><a name="[15b]"></a>ADC_SetChnSampleTime</STRONG> (Thumb, 130 bytes, Stack size 12 bytes, hal_adc.o(.text), UNUSED)

<P><STRONG><a name="[15c]"></a>ADC_EnableHwTrigger</STRONG> (Thumb, 72 bytes, Stack size 8 bytes, hal_adc.o(.text), UNUSED)

<P><STRONG><a name="[15d]"></a>ADC_EnableSeqSlotFixed</STRONG> (Thumb, 46 bytes, Stack size 12 bytes, hal_adc.o(.text), UNUSED)

<P><STRONG><a name="[107]"></a>ADC_EnableSeqSlot</STRONG> (Thumb, 150 bytes, Stack size 16 bytes, hal_adc.o(.text), UNUSED)
<BR><BR>[Called By]<UL><LI><a href="#[106]">&gt;&gt;</a>&nbsp;&nbsp;&nbsp;adc_convert
</UL>

<P><STRONG><a name="[15e]"></a>ADC_EnableExtSeqSlot</STRONG> (Thumb, 88 bytes, Stack size 16 bytes, hal_adc.o(.text), UNUSED)

<P><STRONG><a name="[15f]"></a>ADC_EnableAutoExtSeqSlot</STRONG> (Thumb, 46 bytes, Stack size 8 bytes, hal_adc.o(.text), UNUSED)

<P><STRONG><a name="[160]"></a>ADC_DoExtSeqSlotSwTrigger</STRONG> (Thumb, 46 bytes, Stack size 8 bytes, hal_adc.o(.text), UNUSED)

<P><STRONG><a name="[161]"></a>ADC_SetExtSlotCalibParam</STRONG> (Thumb, 28 bytes, Stack size 12 bytes, hal_adc.o(.text), UNUSED)

<P><STRONG><a name="[108]"></a>ADC_DoSwTrigger</STRONG> (Thumb, 46 bytes, Stack size 8 bytes, hal_adc.o(.text), UNUSED)
<BR><BR>[Called By]<UL><LI><a href="#[106]">&gt;&gt;</a>&nbsp;&nbsp;&nbsp;adc_convert
</UL>

<P><STRONG><a name="[162]"></a>ADC_EnableHwComp</STRONG> (Thumb, 104 bytes, Stack size 8 bytes, hal_adc.o(.text), UNUSED)

<P><STRONG><a name="[163]"></a>ADC_DoAutoCalib</STRONG> (Thumb, 42 bytes, Stack size 4 bytes, hal_adc.o(.text), UNUSED)

<P><STRONG><a name="[164]"></a>ADC_GetCalibFactor</STRONG> (Thumb, 94 bytes, Stack size 12 bytes, hal_adc.o(.text), UNUSED)

<P><STRONG><a name="[165]"></a>ADC_SetCalibFactor</STRONG> (Thumb, 78 bytes, Stack size 12 bytes, hal_adc.o(.text), UNUSED)

<P><STRONG><a name="[166]"></a>ADC_SetOverSample</STRONG> (Thumb, 90 bytes, Stack size 16 bytes, hal_adc.o(.text), UNUSED)

<P><STRONG><a name="[167]"></a>ADC_ResetAllSlot</STRONG> (Thumb, 84 bytes, Stack size 4 bytes, hal_adc.o(.text), UNUSED)

<P><STRONG><a name="[78]"></a>GPIO_Init</STRONG> (Thumb, 276 bytes, Stack size 24 bytes, hal_gpio.o(.text))
<BR><BR>[Stack]<UL><LI>Max Depth = 24<LI>Call Chain = GPIO_Init
</UL>
<BR>[Called By]<UL><LI><a href="#[60]">&gt;&gt;</a>&nbsp;&nbsp;&nbsp;BOARD_InitPins
</UL>

<P><STRONG><a name="[10d]"></a>GPIO_ReadInDataBit</STRONG> (Thumb, 28 bytes, Stack size 8 bytes, hal_gpio.o(.text))
<BR><BR>[Stack]<UL><LI>Max Depth = 8<LI>Call Chain = GPIO_ReadInDataBit
</UL>
<BR>[Called By]<UL><LI><a href="#[10c]">&gt;&gt;</a>&nbsp;&nbsp;&nbsp;water_level_data
<LI><a href="#[122]">&gt;&gt;</a>&nbsp;&nbsp;&nbsp;HX711_GetData
</UL>

<P><STRONG><a name="[168]"></a>GPIO_ReadInData</STRONG> (Thumb, 14 bytes, Stack size 4 bytes, hal_gpio.o(.text), UNUSED)

<P><STRONG><a name="[169]"></a>GPIO_ReadOutDataBit</STRONG> (Thumb, 28 bytes, Stack size 8 bytes, hal_gpio.o(.text), UNUSED)

<P><STRONG><a name="[16a]"></a>GPIO_ReadOutData</STRONG> (Thumb, 14 bytes, Stack size 4 bytes, hal_gpio.o(.text), UNUSED)

<P><STRONG><a name="[16b]"></a>GPIO_SetBits</STRONG> (Thumb, 20 bytes, Stack size 8 bytes, hal_gpio.o(.text), UNUSED)

<P><STRONG><a name="[16c]"></a>GPIO_ClearBits</STRONG> (Thumb, 20 bytes, Stack size 8 bytes, hal_gpio.o(.text), UNUSED)

<P><STRONG><a name="[ff]"></a>GPIO_WriteBit</STRONG> (Thumb, 44 bytes, Stack size 8 bytes, hal_gpio.o(.text))
<BR><BR>[Stack]<UL><LI>Max Depth = 8<LI>Call Chain = GPIO_WriteBit
</UL>
<BR>[Called By]<UL><LI><a href="#[100]">&gt;&gt;</a>&nbsp;&nbsp;&nbsp;set_realy_data
<LI><a href="#[62]">&gt;&gt;</a>&nbsp;&nbsp;&nbsp;relay_init
<LI><a href="#[123]">&gt;&gt;</a>&nbsp;&nbsp;&nbsp;set_motor_pins
<LI><a href="#[122]">&gt;&gt;</a>&nbsp;&nbsp;&nbsp;HX711_GetData
</UL>

<P><STRONG><a name="[16d]"></a>GPIO_WriteBits</STRONG> (Thumb, 20 bytes, Stack size 8 bytes, hal_gpio.o(.text), UNUSED)

<P><STRONG><a name="[16e]"></a>GPIO_PinLock</STRONG> (Thumb, 54 bytes, Stack size 8 bytes, hal_gpio.o(.text), UNUSED)

<P><STRONG><a name="[16f]"></a>GPIO_PinLockConf</STRONG> (Thumb, 52 bytes, Stack size 8 bytes, hal_gpio.o(.text), UNUSED)

<P><STRONG><a name="[79]"></a>GPIO_PinAFConf</STRONG> (Thumb, 192 bytes, Stack size 20 bytes, hal_gpio.o(.text))
<BR><BR>[Stack]<UL><LI>Max Depth = 20<LI>Call Chain = GPIO_PinAFConf
</UL>
<BR>[Called By]<UL><LI><a href="#[60]">&gt;&gt;</a>&nbsp;&nbsp;&nbsp;BOARD_InitPins
</UL>

<P><STRONG><a name="[170]"></a>GPIO_PortAFConfig</STRONG> (Thumb, 24 bytes, Stack size 12 bytes, hal_gpio.o(.text), UNUSED)

<P><STRONG><a name="[73]"></a>RCC_EnableAHB1Periphs</STRONG> (Thumb, 58 bytes, Stack size 8 bytes, hal_rcc.o(.text))
<BR><BR>[Stack]<UL><LI>Max Depth = 8<LI>Call Chain = RCC_EnableAHB1Periphs
</UL>
<BR>[Called By]<UL><LI><a href="#[5f]">&gt;&gt;</a>&nbsp;&nbsp;&nbsp;BOARD_InitBootClocks
</UL>

<P><STRONG><a name="[71]"></a>RCC_EnableAPB1Periphs</STRONG> (Thumb, 58 bytes, Stack size 8 bytes, hal_rcc.o(.text))
<BR><BR>[Stack]<UL><LI>Max Depth = 8<LI>Call Chain = RCC_EnableAPB1Periphs
</UL>
<BR>[Called By]<UL><LI><a href="#[5f]">&gt;&gt;</a>&nbsp;&nbsp;&nbsp;BOARD_InitBootClocks
</UL>

<P><STRONG><a name="[6f]"></a>RCC_EnableAPB2Periphs</STRONG> (Thumb, 58 bytes, Stack size 8 bytes, hal_rcc.o(.text))
<BR><BR>[Stack]<UL><LI>Max Depth = 8<LI>Call Chain = RCC_EnableAPB2Periphs
</UL>
<BR>[Called By]<UL><LI><a href="#[5f]">&gt;&gt;</a>&nbsp;&nbsp;&nbsp;BOARD_InitBootClocks
</UL>

<P><STRONG><a name="[74]"></a>RCC_ResetAHB1Periphs</STRONG> (Thumb, 32 bytes, Stack size 4 bytes, hal_rcc.o(.text))
<BR><BR>[Stack]<UL><LI>Max Depth = 4<LI>Call Chain = RCC_ResetAHB1Periphs
</UL>
<BR>[Called By]<UL><LI><a href="#[5f]">&gt;&gt;</a>&nbsp;&nbsp;&nbsp;BOARD_InitBootClocks
</UL>

<P><STRONG><a name="[72]"></a>RCC_ResetAPB1Periphs</STRONG> (Thumb, 32 bytes, Stack size 4 bytes, hal_rcc.o(.text))
<BR><BR>[Stack]<UL><LI>Max Depth = 4<LI>Call Chain = RCC_ResetAPB1Periphs
</UL>
<BR>[Called By]<UL><LI><a href="#[5f]">&gt;&gt;</a>&nbsp;&nbsp;&nbsp;BOARD_InitBootClocks
</UL>

<P><STRONG><a name="[70]"></a>RCC_ResetAPB2Periphs</STRONG> (Thumb, 32 bytes, Stack size 4 bytes, hal_rcc.o(.text))
<BR><BR>[Stack]<UL><LI>Max Depth = 4<LI>Call Chain = RCC_ResetAPB2Periphs
</UL>
<BR>[Called By]<UL><LI><a href="#[5f]">&gt;&gt;</a>&nbsp;&nbsp;&nbsp;BOARD_InitBootClocks
</UL>

<P><STRONG><a name="[171]"></a>RCC_SetMCOConf</STRONG> (Thumb, 30 bytes, Stack size 4 bytes, hal_rcc.o(.text), UNUSED)

<P><STRONG><a name="[172]"></a>RCC_SetADCClockDiv</STRONG> (Thumb, 84 bytes, Stack size 8 bytes, hal_rcc.o(.text), UNUSED)

<P><STRONG><a name="[173]"></a>RCC_SetADCCalibClockDiv</STRONG> (Thumb, 84 bytes, Stack size 8 bytes, hal_rcc.o(.text), UNUSED)

<P><STRONG><a name="[174]"></a>RCC_SetDACClockDiv</STRONG> (Thumb, 26 bytes, Stack size 4 bytes, hal_rcc.o(.text), UNUSED)

<P><STRONG><a name="[175]"></a>RCC_EnableFSMCSyncMode</STRONG> (Thumb, 56 bytes, Stack size 4 bytes, hal_rcc.o(.text), UNUSED)

<P><STRONG><a name="[176]"></a>RCC_SetFSMCClockDiv</STRONG> (Thumb, 26 bytes, Stack size 4 bytes, hal_rcc.o(.text), UNUSED)

<P><STRONG><a name="[177]"></a>RCC_SetTPIUClockDiv</STRONG> (Thumb, 26 bytes, Stack size 4 bytes, hal_rcc.o(.text), UNUSED)

<P><STRONG><a name="[178]"></a>RCC_EnableBKPWriteProtect</STRONG> (Thumb, 56 bytes, Stack size 4 bytes, hal_rcc.o(.text), UNUSED)

<P><STRONG><a name="[179]"></a>RCC_EnableBKPReset</STRONG> (Thumb, 56 bytes, Stack size 4 bytes, hal_rcc.o(.text), UNUSED)

<P><STRONG><a name="[17a]"></a>RCC_EnableRTCClock</STRONG> (Thumb, 56 bytes, Stack size 4 bytes, hal_rcc.o(.text), UNUSED)

<P><STRONG><a name="[17b]"></a>RCC_SetRTCClockSource</STRONG> (Thumb, 30 bytes, Stack size 4 bytes, hal_rcc.o(.text), UNUSED)

<P><STRONG><a name="[17c]"></a>RCC_EnableLSEBypassMode</STRONG> (Thumb, 56 bytes, Stack size 4 bytes, hal_rcc.o(.text), UNUSED)

<P><STRONG><a name="[17d]"></a>GetLSEReadyStatus</STRONG> (Thumb, 18 bytes, Stack size 0 bytes, hal_rcc.o(.text), UNUSED)

<P><STRONG><a name="[17e]"></a>RCC_EnableLSEClock</STRONG> (Thumb, 56 bytes, Stack size 4 bytes, hal_rcc.o(.text), UNUSED)

<P><STRONG><a name="[17f]"></a>GetResetStatus</STRONG> (Thumb, 28 bytes, Stack size 4 bytes, hal_rcc.o(.text), UNUSED)

<P><STRONG><a name="[180]"></a>ClearResetStatus</STRONG> (Thumb, 16 bytes, Stack size 0 bytes, hal_rcc.o(.text), UNUSED)

<P><STRONG><a name="[181]"></a>RCC_EnableCPULock</STRONG> (Thumb, 56 bytes, Stack size 4 bytes, hal_rcc.o(.text), UNUSED)

<P><STRONG><a name="[182]"></a>RCC_EnablePVDReset</STRONG> (Thumb, 56 bytes, Stack size 4 bytes, hal_rcc.o(.text), UNUSED)

<P><STRONG><a name="[183]"></a>RCC_EnableLSIClockOutput</STRONG> (Thumb, 56 bytes, Stack size 4 bytes, hal_rcc.o(.text), UNUSED)

<P><STRONG><a name="[184]"></a>RCC_EnableLSIClock</STRONG> (Thumb, 56 bytes, Stack size 4 bytes, hal_rcc.o(.text), UNUSED)

<P><STRONG><a name="[101]"></a>TIM_Init</STRONG> (Thumb, 202 bytes, Stack size 20 bytes, hal_tim.o(.text))
<BR><BR>[Stack]<UL><LI>Max Depth = 20<LI>Call Chain = TIM_Init
</UL>
<BR>[Called By]<UL><LI><a href="#[64]">&gt;&gt;</a>&nbsp;&nbsp;&nbsp;boor_init
<LI><a href="#[63]">&gt;&gt;</a>&nbsp;&nbsp;&nbsp;water_level_init
</UL>

<P><STRONG><a name="[105]"></a>TIM_Start</STRONG> (Thumb, 18 bytes, Stack size 4 bytes, hal_tim.o(.text))
<BR><BR>[Stack]<UL><LI>Max Depth = 4<LI>Call Chain = TIM_Start
</UL>
<BR>[Called By]<UL><LI><a href="#[64]">&gt;&gt;</a>&nbsp;&nbsp;&nbsp;boor_init
<LI><a href="#[63]">&gt;&gt;</a>&nbsp;&nbsp;&nbsp;water_level_init
</UL>

<P><STRONG><a name="[185]"></a>TIM_Stop</STRONG> (Thumb, 18 bytes, Stack size 4 bytes, hal_tim.o(.text), UNUSED)

<P><STRONG><a name="[7f]"></a>TIM_GetCounterValue</STRONG> (Thumb, 12 bytes, Stack size 4 bytes, hal_tim.o(.text), UNUSED)
<BR><BR>[Called By]<UL><LI><a href="#[7e]">&gt;&gt;</a>&nbsp;&nbsp;&nbsp;TIM_GetEncoder
</UL>

<P><STRONG><a name="[186]"></a>TIM_ClearCounterValue</STRONG> (Thumb, 14 bytes, Stack size 4 bytes, hal_tim.o(.text), UNUSED)

<P><STRONG><a name="[104]"></a>TIM_EnableInterrupts</STRONG> (Thumb, 48 bytes, Stack size 12 bytes, hal_tim.o(.text))
<BR><BR>[Stack]<UL><LI>Max Depth = 12<LI>Call Chain = TIM_EnableInterrupts
</UL>
<BR>[Called By]<UL><LI><a href="#[63]">&gt;&gt;</a>&nbsp;&nbsp;&nbsp;water_level_init
</UL>

<P><STRONG><a name="[187]"></a>TIM_EnableDMA</STRONG> (Thumb, 48 bytes, Stack size 12 bytes, hal_tim.o(.text), UNUSED)

<P><STRONG><a name="[188]"></a>TIM_DoSwTrigger</STRONG> (Thumb, 16 bytes, Stack size 8 bytes, hal_tim.o(.text), UNUSED)

<P><STRONG><a name="[111]"></a>TIM_GetInterruptStatus</STRONG> (Thumb, 12 bytes, Stack size 4 bytes, hal_tim.o(.text))
<BR><BR>[Stack]<UL><LI>Max Depth = 4<LI>Call Chain = TIM_GetInterruptStatus
</UL>
<BR>[Called By]<UL><LI><a href="#[33]">&gt;&gt;</a>&nbsp;&nbsp;&nbsp;TIM8_UP_IRQHandler
</UL>

<P><STRONG><a name="[112]"></a>TIM_ClearInterruptStatus</STRONG> (Thumb, 20 bytes, Stack size 8 bytes, hal_tim.o(.text))
<BR><BR>[Stack]<UL><LI>Max Depth = 8<LI>Call Chain = TIM_ClearInterruptStatus
</UL>
<BR>[Called By]<UL><LI><a href="#[33]">&gt;&gt;</a>&nbsp;&nbsp;&nbsp;TIM8_UP_IRQHandler
</UL>

<P><STRONG><a name="[7a]"></a>TIM_EnableOutputCompare</STRONG> (Thumb, 176 bytes, Stack size 32 bytes, hal_tim.o(.text))
<BR><BR>[Stack]<UL><LI>Max Depth = 48<LI>Call Chain = TIM_EnableOutputCompare &rArr; _TIM_WriteChannelCtrlReg
</UL>
<BR>[Calls]<UL><LI><a href="#[7c]">&gt;&gt;</a>&nbsp;&nbsp;&nbsp;TIM_PutChannelValue
<LI><a href="#[7b]">&gt;&gt;</a>&nbsp;&nbsp;&nbsp;_TIM_WriteChannelCtrlReg
</UL>
<BR>[Called By]<UL><LI><a href="#[64]">&gt;&gt;</a>&nbsp;&nbsp;&nbsp;boor_init
</UL>

<P><STRONG><a name="[7c]"></a>TIM_PutChannelValue</STRONG> (Thumb, 42 bytes, Stack size 12 bytes, hal_tim.o(.text))
<BR><BR>[Stack]<UL><LI>Max Depth = 12<LI>Call Chain = TIM_PutChannelValue
</UL>
<BR>[Called By]<UL><LI><a href="#[114]">&gt;&gt;</a>&nbsp;&nbsp;&nbsp;door_Set_Angle
<LI><a href="#[7a]">&gt;&gt;</a>&nbsp;&nbsp;&nbsp;TIM_EnableOutputCompare
</UL>

<P><STRONG><a name="[189]"></a>TIM_EnableCompOutput</STRONG> (Thumb, 164 bytes, Stack size 20 bytes, hal_tim.o(.text), UNUSED)

<P><STRONG><a name="[113]"></a>TIM_EnableOutputCompareSwitch</STRONG> (Thumb, 46 bytes, Stack size 8 bytes, hal_tim.o(.text))
<BR><BR>[Stack]<UL><LI>Max Depth = 8<LI>Call Chain = TIM_EnableOutputCompareSwitch
</UL>
<BR>[Called By]<UL><LI><a href="#[64]">&gt;&gt;</a>&nbsp;&nbsp;&nbsp;boor_init
</UL>

<P><STRONG><a name="[7d]"></a>TIM_EnableInputCapture</STRONG> (Thumb, 164 bytes, Stack size 32 bytes, hal_tim.o(.text), UNUSED)
<BR><BR>[Calls]<UL><LI><a href="#[7b]">&gt;&gt;</a>&nbsp;&nbsp;&nbsp;_TIM_WriteChannelCtrlReg
</UL>

<P><STRONG><a name="[18a]"></a>TIM_GetChannelValue</STRONG> (Thumb, 20 bytes, Stack size 8 bytes, hal_tim.o(.text), UNUSED)

<P><STRONG><a name="[18b]"></a>TIM_SetClockDiv</STRONG> (Thumb, 28 bytes, Stack size 8 bytes, hal_tim.o(.text), UNUSED)

<P><STRONG><a name="[18c]"></a>TIM_EnableDeadPeriod</STRONG> (Thumb, 28 bytes, Stack size 8 bytes, hal_tim.o(.text), UNUSED)

<P><STRONG><a name="[18d]"></a>TIM_EnableMasterMode</STRONG> (Thumb, 62 bytes, Stack size 12 bytes, hal_tim.o(.text), UNUSED)

<P><STRONG><a name="[18e]"></a>TIM_EnableSlaveMode</STRONG> (Thumb, 64 bytes, Stack size 8 bytes, hal_tim.o(.text), UNUSED)

<P><STRONG><a name="[18f]"></a>TIM_EnableExtTriggerIn</STRONG> (Thumb, 118 bytes, Stack size 16 bytes, hal_tim.o(.text), UNUSED)

<P><STRONG><a name="[190]"></a>TIM_EnableDMABurst</STRONG> (Thumb, 34 bytes, Stack size 8 bytes, hal_tim.o(.text), UNUSED)

<P><STRONG><a name="[7e]"></a>TIM_GetEncoder</STRONG> (Thumb, 62 bytes, Stack size 24 bytes, hal_tim.o(.text), UNUSED)
<BR><BR>[Calls]<UL><LI><a href="#[7f]">&gt;&gt;</a>&nbsp;&nbsp;&nbsp;TIM_GetCounterValue
</UL>

<P><STRONG><a name="[191]"></a>TIM_SetRepCounter</STRONG> (Thumb, 20 bytes, Stack size 8 bytes, hal_tim.o(.text), UNUSED)

<P><STRONG><a name="[192]"></a>TIM_GetRepCounterValue</STRONG> (Thumb, 16 bytes, Stack size 4 bytes, hal_tim.o(.text), UNUSED)

<P><STRONG><a name="[193]"></a>TIM_EnableIdleOut</STRONG> (Thumb, 96 bytes, Stack size 16 bytes, hal_tim.o(.text), UNUSED)

<P><STRONG><a name="[194]"></a>TIM_EnableLock</STRONG> (Thumb, 28 bytes, Stack size 8 bytes, hal_tim.o(.text), UNUSED)

<P><STRONG><a name="[195]"></a>TIM_EnableBreakIn</STRONG> (Thumb, 172 bytes, Stack size 20 bytes, hal_tim.o(.text), UNUSED)

<P><STRONG><a name="[196]"></a>TIM_EnablePWMShift</STRONG> (Thumb, 68 bytes, Stack size 12 bytes, hal_tim.o(.text), UNUSED)

<P><STRONG><a name="[67]"></a>UART_Init</STRONG> (Thumb, 242 bytes, Stack size 16 bytes, hal_uart.o(.text))
<BR><BR>[Stack]<UL><LI>Max Depth = 16<LI>Call Chain = UART_Init
</UL>
<BR>[Called By]<UL><LI><a href="#[65]">&gt;&gt;</a>&nbsp;&nbsp;&nbsp;lora_init
<LI><a href="#[61]">&gt;&gt;</a>&nbsp;&nbsp;&nbsp;BOARD_InitDebugConsole
</UL>

<P><STRONG><a name="[68]"></a>UART_Enable</STRONG> (Thumb, 46 bytes, Stack size 8 bytes, hal_uart.o(.text))
<BR><BR>[Stack]<UL><LI>Max Depth = 8<LI>Call Chain = UART_Enable
</UL>
<BR>[Called By]<UL><LI><a href="#[65]">&gt;&gt;</a>&nbsp;&nbsp;&nbsp;lora_init
<LI><a href="#[61]">&gt;&gt;</a>&nbsp;&nbsp;&nbsp;BOARD_InitDebugConsole
</UL>

<P><STRONG><a name="[116]"></a>UART_EnableInterrupts</STRONG> (Thumb, 48 bytes, Stack size 12 bytes, hal_uart.o(.text))
<BR><BR>[Stack]<UL><LI>Max Depth = 12<LI>Call Chain = UART_EnableInterrupts
</UL>
<BR>[Called By]<UL><LI><a href="#[65]">&gt;&gt;</a>&nbsp;&nbsp;&nbsp;lora_init
</UL>

<P><STRONG><a name="[197]"></a>UART_GetEnabledInterrupts</STRONG> (Thumb, 12 bytes, Stack size 4 bytes, hal_uart.o(.text), UNUSED)

<P><STRONG><a name="[198]"></a>UART_EnableDMA</STRONG> (Thumb, 46 bytes, Stack size 8 bytes, hal_uart.o(.text), UNUSED)

<P><STRONG><a name="[6a]"></a>UART_PutData</STRONG> (Thumb, 20 bytes, Stack size 8 bytes, hal_uart.o(.text))
<BR><BR>[Stack]<UL><LI>Max Depth = 8<LI>Call Chain = UART_PutData
</UL>
<BR>[Called By]<UL><LI><a href="#[119]">&gt;&gt;</a>&nbsp;&nbsp;&nbsp;lora_uart_putchar
<LI><a href="#[56]">&gt;&gt;</a>&nbsp;&nbsp;&nbsp;fputc
</UL>

<P><STRONG><a name="[6c]"></a>UART_GetData</STRONG> (Thumb, 14 bytes, Stack size 4 bytes, hal_uart.o(.text))
<BR><BR>[Stack]<UL><LI>Max Depth = 4<LI>Call Chain = UART_GetData
</UL>
<BR>[Called By]<UL><LI><a href="#[2d]">&gt;&gt;</a>&nbsp;&nbsp;&nbsp;UART2_IRQHandler
<LI><a href="#[6b]">&gt;&gt;</a>&nbsp;&nbsp;&nbsp;fgetc
</UL>

<P><STRONG><a name="[69]"></a>UART_GetStatus</STRONG> (Thumb, 12 bytes, Stack size 4 bytes, hal_uart.o(.text))
<BR><BR>[Stack]<UL><LI>Max Depth = 4<LI>Call Chain = UART_GetStatus
</UL>
<BR>[Called By]<UL><LI><a href="#[119]">&gt;&gt;</a>&nbsp;&nbsp;&nbsp;lora_uart_putchar
<LI><a href="#[6b]">&gt;&gt;</a>&nbsp;&nbsp;&nbsp;fgetc
<LI><a href="#[56]">&gt;&gt;</a>&nbsp;&nbsp;&nbsp;fputc
</UL>

<P><STRONG><a name="[11a]"></a>UART_GetInterruptStatus</STRONG> (Thumb, 12 bytes, Stack size 4 bytes, hal_uart.o(.text))
<BR><BR>[Stack]<UL><LI>Max Depth = 4<LI>Call Chain = UART_GetInterruptStatus
</UL>
<BR>[Called By]<UL><LI><a href="#[2d]">&gt;&gt;</a>&nbsp;&nbsp;&nbsp;UART2_IRQHandler
</UL>

<P><STRONG><a name="[11b]"></a>UART_ClearInterruptStatus</STRONG> (Thumb, 16 bytes, Stack size 8 bytes, hal_uart.o(.text))
<BR><BR>[Stack]<UL><LI>Max Depth = 8<LI>Call Chain = UART_ClearInterruptStatus
</UL>
<BR>[Called By]<UL><LI><a href="#[2d]">&gt;&gt;</a>&nbsp;&nbsp;&nbsp;UART2_IRQHandler
</UL>

<P><STRONG><a name="[199]"></a>UART_GetRxDataRegAddr</STRONG> (Thumb, 12 bytes, Stack size 4 bytes, hal_uart.o(.text), UNUSED)

<P><STRONG><a name="[19a]"></a>UART_GetTxDataRegAddr</STRONG> (Thumb, 10 bytes, Stack size 4 bytes, hal_uart.o(.text), UNUSED)

<P><STRONG><a name="[80]"></a>SystemInit</STRONG> (Thumb, 110 bytes, Stack size 0 bytes, system_mm32f5277e.o(.text))
<BR><BR>[Called By]<UL><LI><a href="#[0]">&gt;&gt;</a>&nbsp;&nbsp;&nbsp;Reset_Handler
</UL>

<P><STRONG><a name="[0]"></a>Reset_Handler</STRONG> (Thumb, 24 bytes, Stack size unknown bytes, startup_mm32f5277e.o(.text))
<BR><BR>[Calls]<UL><LI><a href="#[80]">&gt;&gt;</a>&nbsp;&nbsp;&nbsp;SystemInit
<LI><a href="#[59]">&gt;&gt;</a>&nbsp;&nbsp;&nbsp;__main
</UL>
<BR>[Address Reference Count : 1]<UL><LI> startup_mm32f5277e.o(RESET)
</UL>
<P><STRONG><a name="[2]"></a>HardFault_Handler</STRONG> (Thumb, 2 bytes, Stack size unknown bytes, startup_mm32f5277e.o(.text))
<BR><BR>[Calls]<UL><LI><a href="#[2]">&gt;&gt;</a>&nbsp;&nbsp;&nbsp;HardFault_Handler
</UL>
<BR>[Called By]<UL><LI><a href="#[2]">&gt;&gt;</a>&nbsp;&nbsp;&nbsp;HardFault_Handler
</UL>
<BR>[Address Reference Count : 1]<UL><LI> startup_mm32f5277e.o(RESET)
</UL>
<P><STRONG><a name="[1d]"></a>ADC1_2_IRQHandler</STRONG> (Thumb, 2 bytes, Stack size unknown bytes, startup_mm32f5277e.o(.text))
<BR><BR>[Calls]<UL><LI><a href="#[1d]">&gt;&gt;</a>&nbsp;&nbsp;&nbsp;ADC1_2_IRQHandler
</UL>
<BR>[Called By]<UL><LI><a href="#[1d]">&gt;&gt;</a>&nbsp;&nbsp;&nbsp;ADC1_2_IRQHandler
</UL>
<BR>[Address Reference Count : 1]<UL><LI> startup_mm32f5277e.o(RESET)
</UL>
<P><STRONG><a name="[d]"></a>BKP_TAMPER_IRQHandler</STRONG> (Thumb, 2 bytes, Stack size unknown bytes, startup_mm32f5277e.o(.text))
<BR>[Address Reference Count : 1]<UL><LI> startup_mm32f5277e.o(RESET)
</UL>
<P><STRONG><a name="[4]"></a>BusFault_Handler</STRONG> (Thumb, 2 bytes, Stack size unknown bytes, startup_mm32f5277e.o(.text))
<BR>[Address Reference Count : 1]<UL><LI> startup_mm32f5277e.o(RESET)
</UL>
<P><STRONG><a name="[43]"></a>COMP_IRQHandler</STRONG> (Thumb, 2 bytes, Stack size unknown bytes, startup_mm32f5277e.o(.text))
<BR>[Address Reference Count : 1]<UL><LI> startup_mm32f5277e.o(RESET)
</UL>
<P><STRONG><a name="[16]"></a>DMA1_CH1_IRQHandler</STRONG> (Thumb, 2 bytes, Stack size unknown bytes, startup_mm32f5277e.o(.text))
<BR>[Address Reference Count : 1]<UL><LI> startup_mm32f5277e.o(RESET)
</UL>
<P><STRONG><a name="[17]"></a>DMA1_CH2_IRQHandler</STRONG> (Thumb, 2 bytes, Stack size unknown bytes, startup_mm32f5277e.o(.text))
<BR>[Address Reference Count : 1]<UL><LI> startup_mm32f5277e.o(RESET)
</UL>
<P><STRONG><a name="[18]"></a>DMA1_CH3_IRQHandler</STRONG> (Thumb, 2 bytes, Stack size unknown bytes, startup_mm32f5277e.o(.text))
<BR>[Address Reference Count : 1]<UL><LI> startup_mm32f5277e.o(RESET)
</UL>
<P><STRONG><a name="[19]"></a>DMA1_CH4_IRQHandler</STRONG> (Thumb, 2 bytes, Stack size unknown bytes, startup_mm32f5277e.o(.text))
<BR>[Address Reference Count : 1]<UL><LI> startup_mm32f5277e.o(RESET)
</UL>
<P><STRONG><a name="[1a]"></a>DMA1_CH5_IRQHandler</STRONG> (Thumb, 2 bytes, Stack size unknown bytes, startup_mm32f5277e.o(.text))
<BR>[Address Reference Count : 1]<UL><LI> startup_mm32f5277e.o(RESET)
</UL>
<P><STRONG><a name="[1b]"></a>DMA1_CH6_IRQHandler</STRONG> (Thumb, 2 bytes, Stack size unknown bytes, startup_mm32f5277e.o(.text))
<BR>[Address Reference Count : 1]<UL><LI> startup_mm32f5277e.o(RESET)
</UL>
<P><STRONG><a name="[1c]"></a>DMA1_CH7_IRQHandler</STRONG> (Thumb, 2 bytes, Stack size unknown bytes, startup_mm32f5277e.o(.text))
<BR>[Address Reference Count : 1]<UL><LI> startup_mm32f5277e.o(RESET)
</UL>
<P><STRONG><a name="[1e]"></a>DMA1_CH8_IRQHandler</STRONG> (Thumb, 2 bytes, Stack size unknown bytes, startup_mm32f5277e.o(.text))
<BR>[Address Reference Count : 1]<UL><LI> startup_mm32f5277e.o(RESET)
</UL>
<P><STRONG><a name="[3c]"></a>DMA2_CH1_IRQHandler</STRONG> (Thumb, 2 bytes, Stack size unknown bytes, startup_mm32f5277e.o(.text))
<BR>[Address Reference Count : 1]<UL><LI> startup_mm32f5277e.o(RESET)
</UL>
<P><STRONG><a name="[3d]"></a>DMA2_CH2_IRQHandler</STRONG> (Thumb, 2 bytes, Stack size unknown bytes, startup_mm32f5277e.o(.text))
<BR>[Address Reference Count : 1]<UL><LI> startup_mm32f5277e.o(RESET)
</UL>
<P><STRONG><a name="[3e]"></a>DMA2_CH3_IRQHandler</STRONG> (Thumb, 2 bytes, Stack size unknown bytes, startup_mm32f5277e.o(.text))
<BR>[Address Reference Count : 1]<UL><LI> startup_mm32f5277e.o(RESET)
</UL>
<P><STRONG><a name="[3f]"></a>DMA2_CH4_IRQHandler</STRONG> (Thumb, 2 bytes, Stack size unknown bytes, startup_mm32f5277e.o(.text))
<BR>[Address Reference Count : 1]<UL><LI> startup_mm32f5277e.o(RESET)
</UL>
<P><STRONG><a name="[40]"></a>DMA2_CH5_IRQHandler</STRONG> (Thumb, 2 bytes, Stack size unknown bytes, startup_mm32f5277e.o(.text))
<BR>[Address Reference Count : 1]<UL><LI> startup_mm32f5277e.o(RESET)
</UL>
<P><STRONG><a name="[46]"></a>DMA2_CH6_IRQHandler</STRONG> (Thumb, 2 bytes, Stack size unknown bytes, startup_mm32f5277e.o(.text))
<BR>[Address Reference Count : 1]<UL><LI> startup_mm32f5277e.o(RESET)
</UL>
<P><STRONG><a name="[47]"></a>DMA2_CH7_IRQHandler</STRONG> (Thumb, 2 bytes, Stack size unknown bytes, startup_mm32f5277e.o(.text))
<BR>[Address Reference Count : 1]<UL><LI> startup_mm32f5277e.o(RESET)
</UL>
<P><STRONG><a name="[48]"></a>DMA2_CH8_IRQHandler</STRONG> (Thumb, 2 bytes, Stack size unknown bytes, startup_mm32f5277e.o(.text))
<BR>[Address Reference Count : 1]<UL><LI> startup_mm32f5277e.o(RESET)
</UL>
<P><STRONG><a name="[8]"></a>DebugMonitor_Handler</STRONG> (Thumb, 2 bytes, Stack size unknown bytes, startup_mm32f5277e.o(.text))
<BR>[Address Reference Count : 1]<UL><LI> startup_mm32f5277e.o(RESET)
</UL>
<P><STRONG><a name="[19b]"></a>Default_Handler</STRONG> (Thumb, 2 bytes, Stack size unknown bytes, startup_mm32f5277e.o(.text), UNUSED)

<P><STRONG><a name="[41]"></a>ENET_IRQHandler</STRONG> (Thumb, 2 bytes, Stack size unknown bytes, startup_mm32f5277e.o(.text))
<BR>[Address Reference Count : 1]<UL><LI> startup_mm32f5277e.o(RESET)
</UL>
<P><STRONG><a name="[42]"></a>ENET_WKUP_IRQHandler</STRONG> (Thumb, 2 bytes, Stack size unknown bytes, startup_mm32f5277e.o(.text))
<BR>[Address Reference Count : 1]<UL><LI> startup_mm32f5277e.o(RESET)
</UL>
<P><STRONG><a name="[11]"></a>EXTI0_IRQHandler</STRONG> (Thumb, 2 bytes, Stack size unknown bytes, startup_mm32f5277e.o(.text))
<BR>[Address Reference Count : 1]<UL><LI> startup_mm32f5277e.o(RESET)
</UL>
<P><STRONG><a name="[2f]"></a>EXTI15_10_IRQHandler</STRONG> (Thumb, 2 bytes, Stack size unknown bytes, startup_mm32f5277e.o(.text))
<BR>[Address Reference Count : 1]<UL><LI> startup_mm32f5277e.o(RESET)
</UL>
<P><STRONG><a name="[12]"></a>EXTI1_IRQHandler</STRONG> (Thumb, 2 bytes, Stack size unknown bytes, startup_mm32f5277e.o(.text))
<BR>[Address Reference Count : 1]<UL><LI> startup_mm32f5277e.o(RESET)
</UL>
<P><STRONG><a name="[13]"></a>EXTI2_IRQHandler</STRONG> (Thumb, 2 bytes, Stack size unknown bytes, startup_mm32f5277e.o(.text))
<BR>[Address Reference Count : 1]<UL><LI> startup_mm32f5277e.o(RESET)
</UL>
<P><STRONG><a name="[14]"></a>EXTI3_IRQHandler</STRONG> (Thumb, 2 bytes, Stack size unknown bytes, startup_mm32f5277e.o(.text))
<BR>[Address Reference Count : 1]<UL><LI> startup_mm32f5277e.o(RESET)
</UL>
<P><STRONG><a name="[15]"></a>EXTI4_IRQHandler</STRONG> (Thumb, 2 bytes, Stack size unknown bytes, startup_mm32f5277e.o(.text))
<BR>[Address Reference Count : 1]<UL><LI> startup_mm32f5277e.o(RESET)
</UL>
<P><STRONG><a name="[20]"></a>EXTI9_5_IRQHandler</STRONG> (Thumb, 2 bytes, Stack size unknown bytes, startup_mm32f5277e.o(.text))
<BR>[Address Reference Count : 1]<UL><LI> startup_mm32f5277e.o(RESET)
</UL>
<P><STRONG><a name="[f]"></a>FLASH_IRQHandler</STRONG> (Thumb, 2 bytes, Stack size unknown bytes, startup_mm32f5277e.o(.text))
<BR>[Address Reference Count : 1]<UL><LI> startup_mm32f5277e.o(RESET)
</UL>
<P><STRONG><a name="[1f]"></a>FlexCAN1_IRQHandler</STRONG> (Thumb, 2 bytes, Stack size unknown bytes, startup_mm32f5277e.o(.text))
<BR>[Address Reference Count : 1]<UL><LI> startup_mm32f5277e.o(RESET)
</UL>
<P><STRONG><a name="[44]"></a>FlexCAN2_IRQHandler</STRONG> (Thumb, 2 bytes, Stack size unknown bytes, startup_mm32f5277e.o(.text))
<BR>[Address Reference Count : 1]<UL><LI> startup_mm32f5277e.o(RESET)
</UL>
<P><STRONG><a name="[28]"></a>I2C1_IRQHandler</STRONG> (Thumb, 2 bytes, Stack size unknown bytes, startup_mm32f5277e.o(.text))
<BR>[Address Reference Count : 1]<UL><LI> startup_mm32f5277e.o(RESET)
</UL>
<P><STRONG><a name="[29]"></a>I2C2_IRQHandler</STRONG> (Thumb, 2 bytes, Stack size unknown bytes, startup_mm32f5277e.o(.text))
<BR>[Address Reference Count : 1]<UL><LI> startup_mm32f5277e.o(RESET)
</UL>
<P><STRONG><a name="[4c]"></a>LPTIM_IRQHandler</STRONG> (Thumb, 2 bytes, Stack size unknown bytes, startup_mm32f5277e.o(.text))
<BR>[Address Reference Count : 1]<UL><LI> startup_mm32f5277e.o(RESET)
</UL>
<P><STRONG><a name="[4d]"></a>LPUART_IRQHandler</STRONG> (Thumb, 2 bytes, Stack size unknown bytes, startup_mm32f5277e.o(.text))
<BR>[Address Reference Count : 1]<UL><LI> startup_mm32f5277e.o(RESET)
</UL>
<P><STRONG><a name="[3]"></a>MemManage_Handler</STRONG> (Thumb, 2 bytes, Stack size unknown bytes, startup_mm32f5277e.o(.text))
<BR>[Address Reference Count : 1]<UL><LI> startup_mm32f5277e.o(RESET)
</UL>
<P><STRONG><a name="[1]"></a>NMI_Handler</STRONG> (Thumb, 2 bytes, Stack size unknown bytes, startup_mm32f5277e.o(.text))
<BR>[Address Reference Count : 1]<UL><LI> startup_mm32f5277e.o(RESET)
</UL>
<P><STRONG><a name="[c]"></a>PVD_IRQHandler</STRONG> (Thumb, 2 bytes, Stack size unknown bytes, startup_mm32f5277e.o(.text))
<BR>[Address Reference Count : 1]<UL><LI> startup_mm32f5277e.o(RESET)
</UL>
<P><STRONG><a name="[9]"></a>PendSV_Handler</STRONG> (Thumb, 2 bytes, Stack size unknown bytes, startup_mm32f5277e.o(.text))
<BR>[Address Reference Count : 1]<UL><LI> startup_mm32f5277e.o(RESET)
</UL>
<P><STRONG><a name="[4b]"></a>QSPI_IRQHandler</STRONG> (Thumb, 2 bytes, Stack size unknown bytes, startup_mm32f5277e.o(.text))
<BR>[Address Reference Count : 1]<UL><LI> startup_mm32f5277e.o(RESET)
</UL>
<P><STRONG><a name="[10]"></a>RCC_CRS_IRQHandler</STRONG> (Thumb, 2 bytes, Stack size unknown bytes, startup_mm32f5277e.o(.text))
<BR>[Address Reference Count : 1]<UL><LI> startup_mm32f5277e.o(RESET)
</UL>
<P><STRONG><a name="[30]"></a>RTC_ALR_IRQHandler</STRONG> (Thumb, 2 bytes, Stack size unknown bytes, startup_mm32f5277e.o(.text))
<BR>[Address Reference Count : 1]<UL><LI> startup_mm32f5277e.o(RESET)
</UL>
<P><STRONG><a name="[e]"></a>RTC_IRQHandler</STRONG> (Thumb, 2 bytes, Stack size unknown bytes, startup_mm32f5277e.o(.text))
<BR>[Address Reference Count : 1]<UL><LI> startup_mm32f5277e.o(RESET)
</UL>
<P><STRONG><a name="[2a]"></a>SPI1_IRQHandler</STRONG> (Thumb, 2 bytes, Stack size unknown bytes, startup_mm32f5277e.o(.text))
<BR>[Address Reference Count : 1]<UL><LI> startup_mm32f5277e.o(RESET)
</UL>
<P><STRONG><a name="[2b]"></a>SPI2_IRQHandler</STRONG> (Thumb, 2 bytes, Stack size unknown bytes, startup_mm32f5277e.o(.text))
<BR>[Address Reference Count : 1]<UL><LI> startup_mm32f5277e.o(RESET)
</UL>
<P><STRONG><a name="[37]"></a>SPI3_IRQHandler</STRONG> (Thumb, 2 bytes, Stack size unknown bytes, startup_mm32f5277e.o(.text))
<BR>[Address Reference Count : 1]<UL><LI> startup_mm32f5277e.o(RESET)
</UL>
<P><STRONG><a name="[7]"></a>SVCall_Handler</STRONG> (Thumb, 2 bytes, Stack size unknown bytes, startup_mm32f5277e.o(.text))
<BR>[Address Reference Count : 1]<UL><LI> startup_mm32f5277e.o(RESET)
</UL>
<P><STRONG><a name="[6]"></a>SecureFault_Handler</STRONG> (Thumb, 2 bytes, Stack size unknown bytes, startup_mm32f5277e.o(.text))
<BR>[Address Reference Count : 1]<UL><LI> startup_mm32f5277e.o(RESET)
</UL>
<P><STRONG><a name="[a]"></a>SysTick_Handler</STRONG> (Thumb, 2 bytes, Stack size unknown bytes, startup_mm32f5277e.o(.text))
<BR>[Address Reference Count : 1]<UL><LI> startup_mm32f5277e.o(RESET)
</UL>
<P><STRONG><a name="[21]"></a>TIM1_BRK_IRQHandler</STRONG> (Thumb, 2 bytes, Stack size unknown bytes, startup_mm32f5277e.o(.text))
<BR>[Address Reference Count : 1]<UL><LI> startup_mm32f5277e.o(RESET)
</UL>
<P><STRONG><a name="[24]"></a>TIM1_CC_IRQHandler</STRONG> (Thumb, 2 bytes, Stack size unknown bytes, startup_mm32f5277e.o(.text))
<BR>[Address Reference Count : 1]<UL><LI> startup_mm32f5277e.o(RESET)
</UL>
<P><STRONG><a name="[23]"></a>TIM1_TRG_COM_IRQHandler</STRONG> (Thumb, 2 bytes, Stack size unknown bytes, startup_mm32f5277e.o(.text))
<BR>[Address Reference Count : 1]<UL><LI> startup_mm32f5277e.o(RESET)
</UL>
<P><STRONG><a name="[22]"></a>TIM1_UP_IRQHandler</STRONG> (Thumb, 2 bytes, Stack size unknown bytes, startup_mm32f5277e.o(.text))
<BR>[Address Reference Count : 1]<UL><LI> startup_mm32f5277e.o(RESET)
</UL>
<P><STRONG><a name="[25]"></a>TIM2_IRQHandler</STRONG> (Thumb, 2 bytes, Stack size unknown bytes, startup_mm32f5277e.o(.text))
<BR>[Address Reference Count : 1]<UL><LI> startup_mm32f5277e.o(RESET)
</UL>
<P><STRONG><a name="[26]"></a>TIM3_IRQHandler</STRONG> (Thumb, 2 bytes, Stack size unknown bytes, startup_mm32f5277e.o(.text))
<BR>[Address Reference Count : 1]<UL><LI> startup_mm32f5277e.o(RESET)
</UL>
<P><STRONG><a name="[27]"></a>TIM4_IRQHandler</STRONG> (Thumb, 2 bytes, Stack size unknown bytes, startup_mm32f5277e.o(.text))
<BR>[Address Reference Count : 1]<UL><LI> startup_mm32f5277e.o(RESET)
</UL>
<P><STRONG><a name="[36]"></a>TIM5_IRQHandler</STRONG> (Thumb, 2 bytes, Stack size unknown bytes, startup_mm32f5277e.o(.text))
<BR>[Address Reference Count : 1]<UL><LI> startup_mm32f5277e.o(RESET)
</UL>
<P><STRONG><a name="[3a]"></a>TIM6_IRQHandler</STRONG> (Thumb, 2 bytes, Stack size unknown bytes, startup_mm32f5277e.o(.text))
<BR>[Address Reference Count : 1]<UL><LI> startup_mm32f5277e.o(RESET)
</UL>
<P><STRONG><a name="[3b]"></a>TIM7_IRQHandler</STRONG> (Thumb, 2 bytes, Stack size unknown bytes, startup_mm32f5277e.o(.text))
<BR>[Address Reference Count : 1]<UL><LI> startup_mm32f5277e.o(RESET)
</UL>
<P><STRONG><a name="[32]"></a>TIM8_BRK_IRQHandler</STRONG> (Thumb, 2 bytes, Stack size unknown bytes, startup_mm32f5277e.o(.text))
<BR>[Address Reference Count : 1]<UL><LI> startup_mm32f5277e.o(RESET)
</UL>
<P><STRONG><a name="[35]"></a>TIM8_CC_IRQHandler</STRONG> (Thumb, 2 bytes, Stack size unknown bytes, startup_mm32f5277e.o(.text))
<BR>[Address Reference Count : 1]<UL><LI> startup_mm32f5277e.o(RESET)
</UL>
<P><STRONG><a name="[34]"></a>TIM8_TRG_COM_IRQHandler</STRONG> (Thumb, 2 bytes, Stack size unknown bytes, startup_mm32f5277e.o(.text))
<BR>[Address Reference Count : 1]<UL><LI> startup_mm32f5277e.o(RESET)
</UL>
<P><STRONG><a name="[2c]"></a>UART1_IRQHandler</STRONG> (Thumb, 2 bytes, Stack size unknown bytes, startup_mm32f5277e.o(.text))
<BR>[Address Reference Count : 1]<UL><LI> startup_mm32f5277e.o(RESET)
</UL>
<P><STRONG><a name="[2e]"></a>UART3_IRQHandler</STRONG> (Thumb, 2 bytes, Stack size unknown bytes, startup_mm32f5277e.o(.text))
<BR>[Address Reference Count : 1]<UL><LI> startup_mm32f5277e.o(RESET)
</UL>
<P><STRONG><a name="[38]"></a>UART4_IRQHandler</STRONG> (Thumb, 2 bytes, Stack size unknown bytes, startup_mm32f5277e.o(.text))
<BR>[Address Reference Count : 1]<UL><LI> startup_mm32f5277e.o(RESET)
</UL>
<P><STRONG><a name="[39]"></a>UART5_IRQHandler</STRONG> (Thumb, 2 bytes, Stack size unknown bytes, startup_mm32f5277e.o(.text))
<BR>[Address Reference Count : 1]<UL><LI> startup_mm32f5277e.o(RESET)
</UL>
<P><STRONG><a name="[49]"></a>UART6_IRQHandler</STRONG> (Thumb, 2 bytes, Stack size unknown bytes, startup_mm32f5277e.o(.text))
<BR>[Address Reference Count : 1]<UL><LI> startup_mm32f5277e.o(RESET)
</UL>
<P><STRONG><a name="[4a]"></a>UART7_IRQHandler</STRONG> (Thumb, 2 bytes, Stack size unknown bytes, startup_mm32f5277e.o(.text))
<BR>[Address Reference Count : 1]<UL><LI> startup_mm32f5277e.o(RESET)
</UL>
<P><STRONG><a name="[45]"></a>USB_FS_IRQHandler</STRONG> (Thumb, 2 bytes, Stack size unknown bytes, startup_mm32f5277e.o(.text))
<BR>[Address Reference Count : 1]<UL><LI> startup_mm32f5277e.o(RESET)
</UL>
<P><STRONG><a name="[31]"></a>USB_WKUP_IRQHandler</STRONG> (Thumb, 2 bytes, Stack size unknown bytes, startup_mm32f5277e.o(.text))
<BR>[Address Reference Count : 1]<UL><LI> startup_mm32f5277e.o(RESET)
</UL>
<P><STRONG><a name="[5]"></a>UsageFault_Handler</STRONG> (Thumb, 2 bytes, Stack size unknown bytes, startup_mm32f5277e.o(.text))
<BR>[Address Reference Count : 1]<UL><LI> startup_mm32f5277e.o(RESET)
</UL>
<P><STRONG><a name="[b]"></a>WWDG_IWDG_IRQHandler</STRONG> (Thumb, 2 bytes, Stack size unknown bytes, startup_mm32f5277e.o(.text))
<BR>[Address Reference Count : 1]<UL><LI> startup_mm32f5277e.o(RESET)
</UL>
<P><STRONG><a name="[11e]"></a>cJSON_GetErrorPtr</STRONG> (Thumb, 16 bytes, Stack size 0 bytes, cjson.o(.text))
<BR><BR>[Called By]<UL><LI><a href="#[11c]">&gt;&gt;</a>&nbsp;&nbsp;&nbsp;Parse_JSON_Data
</UL>

<P><STRONG><a name="[81]"></a>cJSON_GetStringValue</STRONG> (Thumb, 36 bytes, Stack size 16 bytes, cjson.o(.text), UNUSED)
<BR><BR>[Calls]<UL><LI><a href="#[82]">&gt;&gt;</a>&nbsp;&nbsp;&nbsp;cJSON_IsString
</UL>

<P><STRONG><a name="[82]"></a>cJSON_IsString</STRONG> (Thumb, 38 bytes, Stack size 8 bytes, cjson.o(.text), UNUSED)
<BR><BR>[Called By]<UL><LI><a href="#[81]">&gt;&gt;</a>&nbsp;&nbsp;&nbsp;cJSON_GetStringValue
</UL>

<P><STRONG><a name="[83]"></a>cJSON_GetNumberValue</STRONG> (Thumb, 50 bytes, Stack size 24 bytes, cjson.o(.text), UNUSED)
<BR><BR>[Calls]<UL><LI><a href="#[84]">&gt;&gt;</a>&nbsp;&nbsp;&nbsp;cJSON_IsNumber
</UL>

<P><STRONG><a name="[84]"></a>cJSON_IsNumber</STRONG> (Thumb, 38 bytes, Stack size 8 bytes, cjson.o(.text))
<BR><BR>[Stack]<UL><LI>Max Depth = 8<LI>Call Chain = cJSON_IsNumber
</UL>
<BR>[Called By]<UL><LI><a href="#[83]">&gt;&gt;</a>&nbsp;&nbsp;&nbsp;cJSON_GetNumberValue
<LI><a href="#[11c]">&gt;&gt;</a>&nbsp;&nbsp;&nbsp;Parse_JSON_Data
</UL>

<P><STRONG><a name="[85]"></a>cJSON_Version</STRONG> (Thumb, 42 bytes, Stack size 16 bytes, cjson.o(.text), UNUSED)
<BR><BR>[Calls]<UL><LI><a href="#[86]">&gt;&gt;</a>&nbsp;&nbsp;&nbsp;sprintf
</UL>

<P><STRONG><a name="[19c]"></a>cJSON_InitHooks</STRONG> (Thumb, 210 bytes, Stack size 4 bytes, cjson.o(.text), UNUSED)

<P><STRONG><a name="[87]"></a>cJSON_Delete</STRONG> (Thumb, 164 bytes, Stack size 16 bytes, cjson.o(.text))
<BR><BR>[Stack]<UL><LI>Max Depth = 16 + In Cycle
<LI>Call Chain = cJSON_Delete &rArr;  cJSON_Delete (Cycle)
</UL>
<BR>[Calls]<UL><LI><a href="#[87]">&gt;&gt;</a>&nbsp;&nbsp;&nbsp;cJSON_Delete
</UL>
<BR>[Called By]<UL><LI><a href="#[e8]">&gt;&gt;</a>&nbsp;&nbsp;&nbsp;cJSON_Duplicate_rec
<LI><a href="#[e6]">&gt;&gt;</a>&nbsp;&nbsp;&nbsp;cJSON_CreateStringArray
<LI><a href="#[e5]">&gt;&gt;</a>&nbsp;&nbsp;&nbsp;cJSON_CreateDoubleArray
<LI><a href="#[e3]">&gt;&gt;</a>&nbsp;&nbsp;&nbsp;cJSON_CreateFloatArray
<LI><a href="#[e1]">&gt;&gt;</a>&nbsp;&nbsp;&nbsp;cJSON_CreateIntArray
<LI><a href="#[d9]">&gt;&gt;</a>&nbsp;&nbsp;&nbsp;cJSON_ReplaceItemViaPointer
<LI><a href="#[d7]">&gt;&gt;</a>&nbsp;&nbsp;&nbsp;cJSON_DeleteItemFromObjectCaseSensitive
<LI><a href="#[d6]">&gt;&gt;</a>&nbsp;&nbsp;&nbsp;cJSON_DeleteItemFromObject
<LI><a href="#[d3]">&gt;&gt;</a>&nbsp;&nbsp;&nbsp;cJSON_DeleteItemFromArray
<LI><a href="#[cf]">&gt;&gt;</a>&nbsp;&nbsp;&nbsp;cJSON_AddArrayToObject
<LI><a href="#[cd]">&gt;&gt;</a>&nbsp;&nbsp;&nbsp;cJSON_AddObjectToObject
<LI><a href="#[cc]">&gt;&gt;</a>&nbsp;&nbsp;&nbsp;cJSON_CreateRaw
<LI><a href="#[cb]">&gt;&gt;</a>&nbsp;&nbsp;&nbsp;cJSON_AddRawToObject
<LI><a href="#[ca]">&gt;&gt;</a>&nbsp;&nbsp;&nbsp;cJSON_CreateString
<LI><a href="#[c9]">&gt;&gt;</a>&nbsp;&nbsp;&nbsp;cJSON_AddStringToObject
<LI><a href="#[c7]">&gt;&gt;</a>&nbsp;&nbsp;&nbsp;cJSON_AddNumberToObject
<LI><a href="#[c5]">&gt;&gt;</a>&nbsp;&nbsp;&nbsp;cJSON_AddBoolToObject
<LI><a href="#[c3]">&gt;&gt;</a>&nbsp;&nbsp;&nbsp;cJSON_AddFalseToObject
<LI><a href="#[c1]">&gt;&gt;</a>&nbsp;&nbsp;&nbsp;cJSON_AddTrueToObject
<LI><a href="#[bf]">&gt;&gt;</a>&nbsp;&nbsp;&nbsp;cJSON_AddNullToObject
<LI><a href="#[93]">&gt;&gt;</a>&nbsp;&nbsp;&nbsp;cJSON_ParseWithLengthOpts
<LI><a href="#[87]">&gt;&gt;</a>&nbsp;&nbsp;&nbsp;cJSON_Delete
<LI><a href="#[9d]">&gt;&gt;</a>&nbsp;&nbsp;&nbsp;parse_object
<LI><a href="#[9c]">&gt;&gt;</a>&nbsp;&nbsp;&nbsp;parse_array
<LI><a href="#[11c]">&gt;&gt;</a>&nbsp;&nbsp;&nbsp;Parse_JSON_Data
</UL>

<P><STRONG><a name="[88]"></a>cJSON_SetNumberHelper</STRONG> (Thumb, 120 bytes, Stack size 24 bytes, cjson.o(.text), UNUSED)
<BR><BR>[Calls]<UL><LI><a href="#[8b]">&gt;&gt;</a>&nbsp;&nbsp;&nbsp;__aeabi_d2iz
<LI><a href="#[8a]">&gt;&gt;</a>&nbsp;&nbsp;&nbsp;__aeabi_dcmpgt
<LI><a href="#[89]">&gt;&gt;</a>&nbsp;&nbsp;&nbsp;__aeabi_dcmplt
</UL>

<P><STRONG><a name="[8c]"></a>cJSON_SetValuestring</STRONG> (Thumb, 214 bytes, Stack size 32 bytes, cjson.o(.text), UNUSED)
<BR><BR>[Calls]<UL><LI><a href="#[90]">&gt;&gt;</a>&nbsp;&nbsp;&nbsp;cJSON_free
<LI><a href="#[8f]">&gt;&gt;</a>&nbsp;&nbsp;&nbsp;cJSON_strdup
<LI><a href="#[8e]">&gt;&gt;</a>&nbsp;&nbsp;&nbsp;strcpy
<LI><a href="#[8d]">&gt;&gt;</a>&nbsp;&nbsp;&nbsp;strlen
</UL>

<P><STRONG><a name="[90]"></a>cJSON_free</STRONG> (Thumb, 28 bytes, Stack size 16 bytes, cjson.o(.text), UNUSED)
<BR><BR>[Called By]<UL><LI><a href="#[8c]">&gt;&gt;</a>&nbsp;&nbsp;&nbsp;cJSON_SetValuestring
<LI><a href="#[dc]">&gt;&gt;</a>&nbsp;&nbsp;&nbsp;replace_item_in_object
</UL>

<P><STRONG><a name="[92]"></a>cJSON_ParseWithOpts</STRONG> (Thumb, 54 bytes, Stack size 32 bytes, cjson.o(.text))
<BR><BR>[Stack]<UL><LI>Max Depth = 488<LI>Call Chain = cJSON_ParseWithOpts &rArr; cJSON_ParseWithLengthOpts &rArr; parse_value &rArr; parse_number &rArr; __hardfp_strtod &rArr; __strtod_int &rArr; _local_sscanf &rArr; _scanf_real
</UL>
<BR>[Calls]<UL><LI><a href="#[93]">&gt;&gt;</a>&nbsp;&nbsp;&nbsp;cJSON_ParseWithLengthOpts
<LI><a href="#[8d]">&gt;&gt;</a>&nbsp;&nbsp;&nbsp;strlen
</UL>
<BR>[Called By]<UL><LI><a href="#[9e]">&gt;&gt;</a>&nbsp;&nbsp;&nbsp;cJSON_Parse
</UL>

<P><STRONG><a name="[93]"></a>cJSON_ParseWithLengthOpts</STRONG> (Thumb, 300 bytes, Stack size 80 bytes, cjson.o(.text))
<BR><BR>[Stack]<UL><LI>Max Depth = 456<LI>Call Chain = cJSON_ParseWithLengthOpts &rArr; parse_value &rArr; parse_number &rArr; __hardfp_strtod &rArr; __strtod_int &rArr; _local_sscanf &rArr; _scanf_real
</UL>
<BR>[Calls]<UL><LI><a href="#[87]">&gt;&gt;</a>&nbsp;&nbsp;&nbsp;cJSON_Delete
<LI><a href="#[97]">&gt;&gt;</a>&nbsp;&nbsp;&nbsp;parse_value
<LI><a href="#[96]">&gt;&gt;</a>&nbsp;&nbsp;&nbsp;buffer_skip_whitespace
<LI><a href="#[95]">&gt;&gt;</a>&nbsp;&nbsp;&nbsp;skip_utf8_bom
<LI><a href="#[94]">&gt;&gt;</a>&nbsp;&nbsp;&nbsp;cJSON_New_Item
</UL>
<BR>[Called By]<UL><LI><a href="#[9f]">&gt;&gt;</a>&nbsp;&nbsp;&nbsp;cJSON_ParseWithLength
<LI><a href="#[92]">&gt;&gt;</a>&nbsp;&nbsp;&nbsp;cJSON_ParseWithOpts
</UL>

<P><STRONG><a name="[9e]"></a>cJSON_Parse</STRONG> (Thumb, 20 bytes, Stack size 16 bytes, cjson.o(.text))
<BR><BR>[Stack]<UL><LI>Max Depth = 504<LI>Call Chain = cJSON_Parse &rArr; cJSON_ParseWithOpts &rArr; cJSON_ParseWithLengthOpts &rArr; parse_value &rArr; parse_number &rArr; __hardfp_strtod &rArr; __strtod_int &rArr; _local_sscanf &rArr; _scanf_real
</UL>
<BR>[Calls]<UL><LI><a href="#[92]">&gt;&gt;</a>&nbsp;&nbsp;&nbsp;cJSON_ParseWithOpts
</UL>
<BR>[Called By]<UL><LI><a href="#[11c]">&gt;&gt;</a>&nbsp;&nbsp;&nbsp;Parse_JSON_Data
</UL>

<P><STRONG><a name="[9f]"></a>cJSON_ParseWithLength</STRONG> (Thumb, 24 bytes, Stack size 16 bytes, cjson.o(.text), UNUSED)
<BR><BR>[Calls]<UL><LI><a href="#[93]">&gt;&gt;</a>&nbsp;&nbsp;&nbsp;cJSON_ParseWithLengthOpts
</UL>

<P><STRONG><a name="[a0]"></a>cJSON_Print</STRONG> (Thumb, 26 bytes, Stack size 16 bytes, cjson.o(.text), UNUSED)
<BR><BR>[Calls]<UL><LI><a href="#[a1]">&gt;&gt;</a>&nbsp;&nbsp;&nbsp;print
</UL>

<P><STRONG><a name="[a5]"></a>cJSON_PrintUnformatted</STRONG> (Thumb, 26 bytes, Stack size 16 bytes, cjson.o(.text), UNUSED)
<BR><BR>[Calls]<UL><LI><a href="#[a1]">&gt;&gt;</a>&nbsp;&nbsp;&nbsp;print
</UL>

<P><STRONG><a name="[a6]"></a>cJSON_PrintBuffered</STRONG> (Thumb, 142 bytes, Stack size 64 bytes, cjson.o(.text), UNUSED)
<BR><BR>[Calls]<UL><LI><a href="#[a3]">&gt;&gt;</a>&nbsp;&nbsp;&nbsp;print_value
<LI><a href="#[a2]">&gt;&gt;</a>&nbsp;&nbsp;&nbsp;__aeabi_memclr4
</UL>

<P><STRONG><a name="[ac]"></a>cJSON_PrintPreallocated</STRONG> (Thumb, 98 bytes, Stack size 64 bytes, cjson.o(.text), UNUSED)
<BR><BR>[Calls]<UL><LI><a href="#[a3]">&gt;&gt;</a>&nbsp;&nbsp;&nbsp;print_value
<LI><a href="#[a2]">&gt;&gt;</a>&nbsp;&nbsp;&nbsp;__aeabi_memclr4
</UL>

<P><STRONG><a name="[19d]"></a>cJSON_GetArraySize</STRONG> (Thumb, 62 bytes, Stack size 16 bytes, cjson.o(.text), UNUSED)

<P><STRONG><a name="[ad]"></a>cJSON_GetArrayItem</STRONG> (Thumb, 42 bytes, Stack size 24 bytes, cjson.o(.text), UNUSED)
<BR><BR>[Calls]<UL><LI><a href="#[ae]">&gt;&gt;</a>&nbsp;&nbsp;&nbsp;get_array_item
</UL>

<P><STRONG><a name="[af]"></a>cJSON_GetObjectItem</STRONG> (Thumb, 22 bytes, Stack size 16 bytes, cjson.o(.text))
<BR><BR>[Stack]<UL><LI>Max Depth = 88<LI>Call Chain = cJSON_GetObjectItem &rArr; get_object_item &rArr; case_insensitive_strcmp
</UL>
<BR>[Calls]<UL><LI><a href="#[b0]">&gt;&gt;</a>&nbsp;&nbsp;&nbsp;get_object_item
</UL>
<BR>[Called By]<UL><LI><a href="#[d4]">&gt;&gt;</a>&nbsp;&nbsp;&nbsp;cJSON_DetachItemFromObject
<LI><a href="#[b4]">&gt;&gt;</a>&nbsp;&nbsp;&nbsp;cJSON_HasObjectItem
<LI><a href="#[11c]">&gt;&gt;</a>&nbsp;&nbsp;&nbsp;Parse_JSON_Data
</UL>

<P><STRONG><a name="[b3]"></a>cJSON_GetObjectItemCaseSensitive</STRONG> (Thumb, 22 bytes, Stack size 16 bytes, cjson.o(.text), UNUSED)
<BR><BR>[Calls]<UL><LI><a href="#[b0]">&gt;&gt;</a>&nbsp;&nbsp;&nbsp;get_object_item
</UL>
<BR>[Called By]<UL><LI><a href="#[d5]">&gt;&gt;</a>&nbsp;&nbsp;&nbsp;cJSON_DetachItemFromObjectCaseSensitive
</UL>

<P><STRONG><a name="[b4]"></a>cJSON_HasObjectItem</STRONG> (Thumb, 26 bytes, Stack size 16 bytes, cjson.o(.text), UNUSED)
<BR><BR>[Calls]<UL><LI><a href="#[af]">&gt;&gt;</a>&nbsp;&nbsp;&nbsp;cJSON_GetObjectItem
</UL>

<P><STRONG><a name="[b5]"></a>cJSON_AddItemToArray</STRONG> (Thumb, 20 bytes, Stack size 16 bytes, cjson.o(.text), UNUSED)
<BR><BR>[Calls]<UL><LI><a href="#[b6]">&gt;&gt;</a>&nbsp;&nbsp;&nbsp;add_item_to_array
</UL>

<P><STRONG><a name="[b8]"></a>cJSON_AddItemToObject</STRONG> (Thumb, 40 bytes, Stack size 24 bytes, cjson.o(.text), UNUSED)
<BR><BR>[Calls]<UL><LI><a href="#[b9]">&gt;&gt;</a>&nbsp;&nbsp;&nbsp;add_item_to_object
</UL>

<P><STRONG><a name="[bb]"></a>cJSON_AddItemToObjectCS</STRONG> (Thumb, 40 bytes, Stack size 24 bytes, cjson.o(.text), UNUSED)
<BR><BR>[Calls]<UL><LI><a href="#[b9]">&gt;&gt;</a>&nbsp;&nbsp;&nbsp;add_item_to_object
</UL>

<P><STRONG><a name="[bc]"></a>cJSON_AddItemReferenceToArray</STRONG> (Thumb, 56 bytes, Stack size 24 bytes, cjson.o(.text), UNUSED)
<BR><BR>[Calls]<UL><LI><a href="#[bd]">&gt;&gt;</a>&nbsp;&nbsp;&nbsp;create_reference
<LI><a href="#[b6]">&gt;&gt;</a>&nbsp;&nbsp;&nbsp;add_item_to_array
</UL>

<P><STRONG><a name="[be]"></a>cJSON_AddItemReferenceToObject</STRONG> (Thumb, 84 bytes, Stack size 40 bytes, cjson.o(.text), UNUSED)
<BR><BR>[Calls]<UL><LI><a href="#[bd]">&gt;&gt;</a>&nbsp;&nbsp;&nbsp;create_reference
<LI><a href="#[b9]">&gt;&gt;</a>&nbsp;&nbsp;&nbsp;add_item_to_object
</UL>

<P><STRONG><a name="[bf]"></a>cJSON_AddNullToObject</STRONG> (Thumb, 68 bytes, Stack size 32 bytes, cjson.o(.text), UNUSED)
<BR><BR>[Calls]<UL><LI><a href="#[c0]">&gt;&gt;</a>&nbsp;&nbsp;&nbsp;cJSON_CreateNull
<LI><a href="#[87]">&gt;&gt;</a>&nbsp;&nbsp;&nbsp;cJSON_Delete
<LI><a href="#[b9]">&gt;&gt;</a>&nbsp;&nbsp;&nbsp;add_item_to_object
</UL>

<P><STRONG><a name="[c0]"></a>cJSON_CreateNull</STRONG> (Thumb, 38 bytes, Stack size 16 bytes, cjson.o(.text), UNUSED)
<BR><BR>[Calls]<UL><LI><a href="#[94]">&gt;&gt;</a>&nbsp;&nbsp;&nbsp;cJSON_New_Item
</UL>
<BR>[Called By]<UL><LI><a href="#[bf]">&gt;&gt;</a>&nbsp;&nbsp;&nbsp;cJSON_AddNullToObject
</UL>

<P><STRONG><a name="[c1]"></a>cJSON_AddTrueToObject</STRONG> (Thumb, 68 bytes, Stack size 32 bytes, cjson.o(.text), UNUSED)
<BR><BR>[Calls]<UL><LI><a href="#[c2]">&gt;&gt;</a>&nbsp;&nbsp;&nbsp;cJSON_CreateTrue
<LI><a href="#[87]">&gt;&gt;</a>&nbsp;&nbsp;&nbsp;cJSON_Delete
<LI><a href="#[b9]">&gt;&gt;</a>&nbsp;&nbsp;&nbsp;add_item_to_object
</UL>

<P><STRONG><a name="[c2]"></a>cJSON_CreateTrue</STRONG> (Thumb, 38 bytes, Stack size 16 bytes, cjson.o(.text), UNUSED)
<BR><BR>[Calls]<UL><LI><a href="#[94]">&gt;&gt;</a>&nbsp;&nbsp;&nbsp;cJSON_New_Item
</UL>
<BR>[Called By]<UL><LI><a href="#[c1]">&gt;&gt;</a>&nbsp;&nbsp;&nbsp;cJSON_AddTrueToObject
</UL>

<P><STRONG><a name="[c3]"></a>cJSON_AddFalseToObject</STRONG> (Thumb, 68 bytes, Stack size 32 bytes, cjson.o(.text), UNUSED)
<BR><BR>[Calls]<UL><LI><a href="#[c4]">&gt;&gt;</a>&nbsp;&nbsp;&nbsp;cJSON_CreateFalse
<LI><a href="#[87]">&gt;&gt;</a>&nbsp;&nbsp;&nbsp;cJSON_Delete
<LI><a href="#[b9]">&gt;&gt;</a>&nbsp;&nbsp;&nbsp;add_item_to_object
</UL>

<P><STRONG><a name="[c4]"></a>cJSON_CreateFalse</STRONG> (Thumb, 38 bytes, Stack size 16 bytes, cjson.o(.text), UNUSED)
<BR><BR>[Calls]<UL><LI><a href="#[94]">&gt;&gt;</a>&nbsp;&nbsp;&nbsp;cJSON_New_Item
</UL>
<BR>[Called By]<UL><LI><a href="#[c3]">&gt;&gt;</a>&nbsp;&nbsp;&nbsp;cJSON_AddFalseToObject
</UL>

<P><STRONG><a name="[c5]"></a>cJSON_AddBoolToObject</STRONG> (Thumb, 72 bytes, Stack size 32 bytes, cjson.o(.text), UNUSED)
<BR><BR>[Calls]<UL><LI><a href="#[c6]">&gt;&gt;</a>&nbsp;&nbsp;&nbsp;cJSON_CreateBool
<LI><a href="#[87]">&gt;&gt;</a>&nbsp;&nbsp;&nbsp;cJSON_Delete
<LI><a href="#[b9]">&gt;&gt;</a>&nbsp;&nbsp;&nbsp;add_item_to_object
</UL>

<P><STRONG><a name="[c6]"></a>cJSON_CreateBool</STRONG> (Thumb, 48 bytes, Stack size 16 bytes, cjson.o(.text), UNUSED)
<BR><BR>[Calls]<UL><LI><a href="#[94]">&gt;&gt;</a>&nbsp;&nbsp;&nbsp;cJSON_New_Item
</UL>
<BR>[Called By]<UL><LI><a href="#[c5]">&gt;&gt;</a>&nbsp;&nbsp;&nbsp;cJSON_AddBoolToObject
</UL>

<P><STRONG><a name="[c7]"></a>cJSON_AddNumberToObject</STRONG> (Thumb, 76 bytes, Stack size 40 bytes, cjson.o(.text), UNUSED)
<BR><BR>[Calls]<UL><LI><a href="#[c8]">&gt;&gt;</a>&nbsp;&nbsp;&nbsp;cJSON_CreateNumber
<LI><a href="#[87]">&gt;&gt;</a>&nbsp;&nbsp;&nbsp;cJSON_Delete
<LI><a href="#[b9]">&gt;&gt;</a>&nbsp;&nbsp;&nbsp;add_item_to_object
</UL>

<P><STRONG><a name="[c8]"></a>cJSON_CreateNumber</STRONG> (Thumb, 152 bytes, Stack size 24 bytes, cjson.o(.text), UNUSED)
<BR><BR>[Calls]<UL><LI><a href="#[8b]">&gt;&gt;</a>&nbsp;&nbsp;&nbsp;__aeabi_d2iz
<LI><a href="#[8a]">&gt;&gt;</a>&nbsp;&nbsp;&nbsp;__aeabi_dcmpgt
<LI><a href="#[89]">&gt;&gt;</a>&nbsp;&nbsp;&nbsp;__aeabi_dcmplt
<LI><a href="#[94]">&gt;&gt;</a>&nbsp;&nbsp;&nbsp;cJSON_New_Item
</UL>
<BR>[Called By]<UL><LI><a href="#[e5]">&gt;&gt;</a>&nbsp;&nbsp;&nbsp;cJSON_CreateDoubleArray
<LI><a href="#[e3]">&gt;&gt;</a>&nbsp;&nbsp;&nbsp;cJSON_CreateFloatArray
<LI><a href="#[e1]">&gt;&gt;</a>&nbsp;&nbsp;&nbsp;cJSON_CreateIntArray
<LI><a href="#[c7]">&gt;&gt;</a>&nbsp;&nbsp;&nbsp;cJSON_AddNumberToObject
</UL>

<P><STRONG><a name="[c9]"></a>cJSON_AddStringToObject</STRONG> (Thumb, 72 bytes, Stack size 32 bytes, cjson.o(.text), UNUSED)
<BR><BR>[Calls]<UL><LI><a href="#[ca]">&gt;&gt;</a>&nbsp;&nbsp;&nbsp;cJSON_CreateString
<LI><a href="#[87]">&gt;&gt;</a>&nbsp;&nbsp;&nbsp;cJSON_Delete
<LI><a href="#[b9]">&gt;&gt;</a>&nbsp;&nbsp;&nbsp;add_item_to_object
</UL>

<P><STRONG><a name="[ca]"></a>cJSON_CreateString</STRONG> (Thumb, 84 bytes, Stack size 24 bytes, cjson.o(.text), UNUSED)
<BR><BR>[Calls]<UL><LI><a href="#[87]">&gt;&gt;</a>&nbsp;&nbsp;&nbsp;cJSON_Delete
<LI><a href="#[94]">&gt;&gt;</a>&nbsp;&nbsp;&nbsp;cJSON_New_Item
<LI><a href="#[8f]">&gt;&gt;</a>&nbsp;&nbsp;&nbsp;cJSON_strdup
</UL>
<BR>[Called By]<UL><LI><a href="#[e6]">&gt;&gt;</a>&nbsp;&nbsp;&nbsp;cJSON_CreateStringArray
<LI><a href="#[c9]">&gt;&gt;</a>&nbsp;&nbsp;&nbsp;cJSON_AddStringToObject
</UL>

<P><STRONG><a name="[cb]"></a>cJSON_AddRawToObject</STRONG> (Thumb, 72 bytes, Stack size 32 bytes, cjson.o(.text), UNUSED)
<BR><BR>[Calls]<UL><LI><a href="#[cc]">&gt;&gt;</a>&nbsp;&nbsp;&nbsp;cJSON_CreateRaw
<LI><a href="#[87]">&gt;&gt;</a>&nbsp;&nbsp;&nbsp;cJSON_Delete
<LI><a href="#[b9]">&gt;&gt;</a>&nbsp;&nbsp;&nbsp;add_item_to_object
</UL>

<P><STRONG><a name="[cc]"></a>cJSON_CreateRaw</STRONG> (Thumb, 84 bytes, Stack size 24 bytes, cjson.o(.text), UNUSED)
<BR><BR>[Calls]<UL><LI><a href="#[87]">&gt;&gt;</a>&nbsp;&nbsp;&nbsp;cJSON_Delete
<LI><a href="#[94]">&gt;&gt;</a>&nbsp;&nbsp;&nbsp;cJSON_New_Item
<LI><a href="#[8f]">&gt;&gt;</a>&nbsp;&nbsp;&nbsp;cJSON_strdup
</UL>
<BR>[Called By]<UL><LI><a href="#[cb]">&gt;&gt;</a>&nbsp;&nbsp;&nbsp;cJSON_AddRawToObject
</UL>

<P><STRONG><a name="[cd]"></a>cJSON_AddObjectToObject</STRONG> (Thumb, 68 bytes, Stack size 32 bytes, cjson.o(.text), UNUSED)
<BR><BR>[Calls]<UL><LI><a href="#[ce]">&gt;&gt;</a>&nbsp;&nbsp;&nbsp;cJSON_CreateObject
<LI><a href="#[87]">&gt;&gt;</a>&nbsp;&nbsp;&nbsp;cJSON_Delete
<LI><a href="#[b9]">&gt;&gt;</a>&nbsp;&nbsp;&nbsp;add_item_to_object
</UL>

<P><STRONG><a name="[ce]"></a>cJSON_CreateObject</STRONG> (Thumb, 38 bytes, Stack size 16 bytes, cjson.o(.text), UNUSED)
<BR><BR>[Calls]<UL><LI><a href="#[94]">&gt;&gt;</a>&nbsp;&nbsp;&nbsp;cJSON_New_Item
</UL>
<BR>[Called By]<UL><LI><a href="#[cd]">&gt;&gt;</a>&nbsp;&nbsp;&nbsp;cJSON_AddObjectToObject
</UL>

<P><STRONG><a name="[cf]"></a>cJSON_AddArrayToObject</STRONG> (Thumb, 68 bytes, Stack size 32 bytes, cjson.o(.text), UNUSED)
<BR><BR>[Calls]<UL><LI><a href="#[d0]">&gt;&gt;</a>&nbsp;&nbsp;&nbsp;cJSON_CreateArray
<LI><a href="#[87]">&gt;&gt;</a>&nbsp;&nbsp;&nbsp;cJSON_Delete
<LI><a href="#[b9]">&gt;&gt;</a>&nbsp;&nbsp;&nbsp;add_item_to_object
</UL>

<P><STRONG><a name="[d0]"></a>cJSON_CreateArray</STRONG> (Thumb, 38 bytes, Stack size 16 bytes, cjson.o(.text), UNUSED)
<BR><BR>[Calls]<UL><LI><a href="#[94]">&gt;&gt;</a>&nbsp;&nbsp;&nbsp;cJSON_New_Item
</UL>
<BR>[Called By]<UL><LI><a href="#[e6]">&gt;&gt;</a>&nbsp;&nbsp;&nbsp;cJSON_CreateStringArray
<LI><a href="#[e5]">&gt;&gt;</a>&nbsp;&nbsp;&nbsp;cJSON_CreateDoubleArray
<LI><a href="#[e3]">&gt;&gt;</a>&nbsp;&nbsp;&nbsp;cJSON_CreateFloatArray
<LI><a href="#[e1]">&gt;&gt;</a>&nbsp;&nbsp;&nbsp;cJSON_CreateIntArray
<LI><a href="#[cf]">&gt;&gt;</a>&nbsp;&nbsp;&nbsp;cJSON_AddArrayToObject
</UL>

<P><STRONG><a name="[d2]"></a>cJSON_DetachItemViaPointer</STRONG> (Thumb, 150 bytes, Stack size 12 bytes, cjson.o(.text), UNUSED)
<BR><BR>[Called By]<UL><LI><a href="#[d5]">&gt;&gt;</a>&nbsp;&nbsp;&nbsp;cJSON_DetachItemFromObjectCaseSensitive
<LI><a href="#[d4]">&gt;&gt;</a>&nbsp;&nbsp;&nbsp;cJSON_DetachItemFromObject
<LI><a href="#[d1]">&gt;&gt;</a>&nbsp;&nbsp;&nbsp;cJSON_DetachItemFromArray
</UL>

<P><STRONG><a name="[d1]"></a>cJSON_DetachItemFromArray</STRONG> (Thumb, 52 bytes, Stack size 24 bytes, cjson.o(.text), UNUSED)
<BR><BR>[Calls]<UL><LI><a href="#[d2]">&gt;&gt;</a>&nbsp;&nbsp;&nbsp;cJSON_DetachItemViaPointer
<LI><a href="#[ae]">&gt;&gt;</a>&nbsp;&nbsp;&nbsp;get_array_item
</UL>
<BR>[Called By]<UL><LI><a href="#[d3]">&gt;&gt;</a>&nbsp;&nbsp;&nbsp;cJSON_DeleteItemFromArray
</UL>

<P><STRONG><a name="[d3]"></a>cJSON_DeleteItemFromArray</STRONG> (Thumb, 24 bytes, Stack size 16 bytes, cjson.o(.text), UNUSED)
<BR><BR>[Calls]<UL><LI><a href="#[d1]">&gt;&gt;</a>&nbsp;&nbsp;&nbsp;cJSON_DetachItemFromArray
<LI><a href="#[87]">&gt;&gt;</a>&nbsp;&nbsp;&nbsp;cJSON_Delete
</UL>

<P><STRONG><a name="[d4]"></a>cJSON_DetachItemFromObject</STRONG> (Thumb, 30 bytes, Stack size 24 bytes, cjson.o(.text), UNUSED)
<BR><BR>[Calls]<UL><LI><a href="#[d2]">&gt;&gt;</a>&nbsp;&nbsp;&nbsp;cJSON_DetachItemViaPointer
<LI><a href="#[af]">&gt;&gt;</a>&nbsp;&nbsp;&nbsp;cJSON_GetObjectItem
</UL>
<BR>[Called By]<UL><LI><a href="#[d6]">&gt;&gt;</a>&nbsp;&nbsp;&nbsp;cJSON_DeleteItemFromObject
</UL>

<P><STRONG><a name="[d5]"></a>cJSON_DetachItemFromObjectCaseSensitive</STRONG> (Thumb, 30 bytes, Stack size 24 bytes, cjson.o(.text), UNUSED)
<BR><BR>[Calls]<UL><LI><a href="#[d2]">&gt;&gt;</a>&nbsp;&nbsp;&nbsp;cJSON_DetachItemViaPointer
<LI><a href="#[b3]">&gt;&gt;</a>&nbsp;&nbsp;&nbsp;cJSON_GetObjectItemCaseSensitive
</UL>
<BR>[Called By]<UL><LI><a href="#[d7]">&gt;&gt;</a>&nbsp;&nbsp;&nbsp;cJSON_DeleteItemFromObjectCaseSensitive
</UL>

<P><STRONG><a name="[d6]"></a>cJSON_DeleteItemFromObject</STRONG> (Thumb, 24 bytes, Stack size 16 bytes, cjson.o(.text), UNUSED)
<BR><BR>[Calls]<UL><LI><a href="#[d4]">&gt;&gt;</a>&nbsp;&nbsp;&nbsp;cJSON_DetachItemFromObject
<LI><a href="#[87]">&gt;&gt;</a>&nbsp;&nbsp;&nbsp;cJSON_Delete
</UL>

<P><STRONG><a name="[d7]"></a>cJSON_DeleteItemFromObjectCaseSensitive</STRONG> (Thumb, 24 bytes, Stack size 16 bytes, cjson.o(.text), UNUSED)
<BR><BR>[Calls]<UL><LI><a href="#[d5]">&gt;&gt;</a>&nbsp;&nbsp;&nbsp;cJSON_DetachItemFromObjectCaseSensitive
<LI><a href="#[87]">&gt;&gt;</a>&nbsp;&nbsp;&nbsp;cJSON_Delete
</UL>

<P><STRONG><a name="[d8]"></a>cJSON_InsertItemInArray</STRONG> (Thumb, 148 bytes, Stack size 32 bytes, cjson.o(.text), UNUSED)
<BR><BR>[Calls]<UL><LI><a href="#[b6]">&gt;&gt;</a>&nbsp;&nbsp;&nbsp;add_item_to_array
<LI><a href="#[ae]">&gt;&gt;</a>&nbsp;&nbsp;&nbsp;get_array_item
</UL>

<P><STRONG><a name="[d9]"></a>cJSON_ReplaceItemViaPointer</STRONG> (Thumb, 192 bytes, Stack size 24 bytes, cjson.o(.text), UNUSED)
<BR><BR>[Calls]<UL><LI><a href="#[87]">&gt;&gt;</a>&nbsp;&nbsp;&nbsp;cJSON_Delete
</UL>
<BR>[Called By]<UL><LI><a href="#[da]">&gt;&gt;</a>&nbsp;&nbsp;&nbsp;cJSON_ReplaceItemInArray
<LI><a href="#[dc]">&gt;&gt;</a>&nbsp;&nbsp;&nbsp;replace_item_in_object
</UL>

<P><STRONG><a name="[da]"></a>cJSON_ReplaceItemInArray</STRONG> (Thumb, 56 bytes, Stack size 32 bytes, cjson.o(.text), UNUSED)
<BR><BR>[Calls]<UL><LI><a href="#[d9]">&gt;&gt;</a>&nbsp;&nbsp;&nbsp;cJSON_ReplaceItemViaPointer
<LI><a href="#[ae]">&gt;&gt;</a>&nbsp;&nbsp;&nbsp;get_array_item
</UL>

<P><STRONG><a name="[db]"></a>cJSON_ReplaceItemInObject</STRONG> (Thumb, 26 bytes, Stack size 24 bytes, cjson.o(.text), UNUSED)
<BR><BR>[Calls]<UL><LI><a href="#[dc]">&gt;&gt;</a>&nbsp;&nbsp;&nbsp;replace_item_in_object
</UL>

<P><STRONG><a name="[dd]"></a>cJSON_ReplaceItemInObjectCaseSensitive</STRONG> (Thumb, 26 bytes, Stack size 24 bytes, cjson.o(.text), UNUSED)
<BR><BR>[Calls]<UL><LI><a href="#[dc]">&gt;&gt;</a>&nbsp;&nbsp;&nbsp;replace_item_in_object
</UL>

<P><STRONG><a name="[de]"></a>cJSON_CreateStringReference</STRONG> (Thumb, 52 bytes, Stack size 16 bytes, cjson.o(.text), UNUSED)
<BR><BR>[Calls]<UL><LI><a href="#[ba]">&gt;&gt;</a>&nbsp;&nbsp;&nbsp;cast_away_const
<LI><a href="#[94]">&gt;&gt;</a>&nbsp;&nbsp;&nbsp;cJSON_New_Item
</UL>

[...]
<BR><BR>[Stack]<UL><LI>Max Depth = 352<LI>Call Chain = parse_number &rArr; __hardfp_strtod &rArr; __strtod_int &rArr; _local_sscanf &rArr; _scanf_real
</UL>
<BR>[Calls]<UL><LI><a href="#[8b]">&gt;&gt;</a>&nbsp;&nbsp;&nbsp;__aeabi_d2iz
<LI><a href="#[8a]">&gt;&gt;</a>&nbsp;&nbsp;&nbsp;__aeabi_dcmpgt
<LI><a href="#[89]">&gt;&gt;</a>&nbsp;&nbsp;&nbsp;__aeabi_dcmplt
<LI><a href="#[f3]">&gt;&gt;</a>&nbsp;&nbsp;&nbsp;get_decimal_point
<LI><a href="#[f4]">&gt;&gt;</a>&nbsp;&nbsp;&nbsp;__hardfp_strtod
</UL>
<BR>[Called By]<UL><LI><a href="#[97]">&gt;&gt;</a>&nbsp;&nbsp;&nbsp;parse_value
</UL>

<P><STRONG><a name="[9c]"></a>parse_array</STRONG> (Thumb, 394 bytes, Stack size 40 bytes, cjson.o(.text))
<BR><BR>[Stack]<UL><LI>Max Depth = 56 + In Cycle
<LI>Call Chain = parse_array &rArr;  parse_value (Cycle)
</UL>
<BR>[Calls]<UL><LI><a href="#[87]">&gt;&gt;</a>&nbsp;&nbsp;&nbsp;cJSON_Delete
<LI><a href="#[97]">&gt;&gt;</a>&nbsp;&nbsp;&nbsp;parse_value
<LI><a href="#[96]">&gt;&gt;</a>&nbsp;&nbsp;&nbsp;buffer_skip_whitespace
<LI><a href="#[94]">&gt;&gt;</a>&nbsp;&nbsp;&nbsp;cJSON_New_Item
</UL>
<BR>[Called By]<UL><LI><a href="#[97]">&gt;&gt;</a>&nbsp;&nbsp;&nbsp;parse_value
</UL>

<P><STRONG><a name="[9d]"></a>parse_object</STRONG> (Thumb, 516 bytes, Stack size 40 bytes, cjson.o(.text))
<BR><BR>[Stack]<UL><LI>Max Depth = 160 + In Cycle
<LI>Call Chain = parse_object &rArr;  parse_value (Cycle)
</UL>
<BR>[Calls]<UL><LI><a href="#[87]">&gt;&gt;</a>&nbsp;&nbsp;&nbsp;cJSON_Delete
<LI><a href="#[9a]">&gt;&gt;</a>&nbsp;&nbsp;&nbsp;parse_string
<LI><a href="#[97]">&gt;&gt;</a>&nbsp;&nbsp;&nbsp;parse_value
<LI><a href="#[96]">&gt;&gt;</a>&nbsp;&nbsp;&nbsp;buffer_skip_whitespace
<LI><a href="#[94]">&gt;&gt;</a>&nbsp;&nbsp;&nbsp;cJSON_New_Item
</UL>
<BR>[Called By]<UL><LI><a href="#[97]">&gt;&gt;</a>&nbsp;&nbsp;&nbsp;parse_value
</UL>

<P><STRONG><a name="[a1]"></a>print</STRONG> (Thumb, 270 bytes, Stack size 88 bytes, cjson.o(.text), UNUSED)
<BR><BR>[Calls]<UL><LI><a href="#[a4]">&gt;&gt;</a>&nbsp;&nbsp;&nbsp;update_offset
<LI><a href="#[a3]">&gt;&gt;</a>&nbsp;&nbsp;&nbsp;print_value
<LI><a href="#[a2]">&gt;&gt;</a>&nbsp;&nbsp;&nbsp;__aeabi_memclr4
<LI><a href="#[91]">&gt;&gt;</a>&nbsp;&nbsp;&nbsp;__aeabi_memcpy
</UL>
<BR>[Called By]<UL><LI><a href="#[a5]">&gt;&gt;</a>&nbsp;&nbsp;&nbsp;cJSON_PrintUnformatted
<LI><a href="#[a0]">&gt;&gt;</a>&nbsp;&nbsp;&nbsp;cJSON_Print
</UL>

<P><STRONG><a name="[a3]"></a>print_value</STRONG> (Thumb, 356 bytes, Stack size 32 bytes, cjson.o(.text), UNUSED)
<BR><BR>[Calls]<UL><LI><a href="#[ab]">&gt;&gt;</a>&nbsp;&nbsp;&nbsp;print_object
<LI><a href="#[aa]">&gt;&gt;</a>&nbsp;&nbsp;&nbsp;print_array
<LI><a href="#[a9]">&gt;&gt;</a>&nbsp;&nbsp;&nbsp;print_string
<LI><a href="#[a8]">&gt;&gt;</a>&nbsp;&nbsp;&nbsp;print_number
<LI><a href="#[a7]">&gt;&gt;</a>&nbsp;&nbsp;&nbsp;ensure
<LI><a href="#[8e]">&gt;&gt;</a>&nbsp;&nbsp;&nbsp;strcpy
<LI><a href="#[8d]">&gt;&gt;</a>&nbsp;&nbsp;&nbsp;strlen
<LI><a href="#[91]">&gt;&gt;</a>&nbsp;&nbsp;&nbsp;__aeabi_memcpy
</UL>
<BR>[Called By]<UL><LI><a href="#[ac]">&gt;&gt;</a>&nbsp;&nbsp;&nbsp;cJSON_PrintPreallocated
<LI><a href="#[a6]">&gt;&gt;</a>&nbsp;&nbsp;&nbsp;cJSON_PrintBuffered
<LI><a href="#[ab]">&gt;&gt;</a>&nbsp;&nbsp;&nbsp;print_object
<LI><a href="#[aa]">&gt;&gt;</a>&nbsp;&nbsp;&nbsp;print_array
<LI><a href="#[a1]">&gt;&gt;</a>&nbsp;&nbsp;&nbsp;print
</UL>

<P><STRONG><a name="[a4]"></a>update_offset</STRONG> (Thumb, 58 bytes, Stack size 16 bytes, cjson.o(.text), UNUSED)
<BR><BR>[Calls]<UL><LI><a href="#[8d]">&gt;&gt;</a>&nbsp;&nbsp;&nbsp;strlen
</UL>
<BR>[Called By]<UL><LI><a href="#[ab]">&gt;&gt;</a>&nbsp;&nbsp;&nbsp;print_object
<LI><a href="#[aa]">&gt;&gt;</a>&nbsp;&nbsp;&nbsp;print_array
<LI><a href="#[a1]">&gt;&gt;</a>&nbsp;&nbsp;&nbsp;print
</UL>

<P><STRONG><a name="[a7]"></a>ensure</STRONG> (Thumb, 310 bytes, Stack size 32 bytes, cjson.o(.text), UNUSED)
<BR><BR>[Calls]<UL><LI><a href="#[91]">&gt;&gt;</a>&nbsp;&nbsp;&nbsp;__aeabi_memcpy
</UL>
<BR>[Called By]<UL><LI><a href="#[fd]">&gt;&gt;</a>&nbsp;&nbsp;&nbsp;print_string_ptr
<LI><a href="#[ab]">&gt;&gt;</a>&nbsp;&nbsp;&nbsp;print_object
<LI><a href="#[aa]">&gt;&gt;</a>&nbsp;&nbsp;&nbsp;print_array
<LI><a href="#[a8]">&gt;&gt;</a>&nbsp;&nbsp;&nbsp;print_number
<LI><a href="#[a3]">&gt;&gt;</a>&nbsp;&nbsp;&nbsp;print_value
</UL>

<P><STRONG><a name="[a8]"></a>print_number</STRONG> (Thumb, 470 bytes, Stack size 96 bytes, cjson.o(.text), UNUSED)
<BR><BR>[Calls]<UL><LI><a href="#[fb]">&gt;&gt;</a>&nbsp;&nbsp;&nbsp;__aeabi_dcmpeq
<LI><a href="#[f6]">&gt;&gt;</a>&nbsp;&nbsp;&nbsp;__aeabi_d2f
<LI><a href="#[e2]">&gt;&gt;</a>&nbsp;&nbsp;&nbsp;__aeabi_i2d
<LI><a href="#[fa]">&gt;&gt;</a>&nbsp;&nbsp;&nbsp;__ARM_isinf
<LI><a href="#[f9]">&gt;&gt;</a>&nbsp;&nbsp;&nbsp;__ARM_isinff
<LI><a href="#[f8]">&gt;&gt;</a>&nbsp;&nbsp;&nbsp;__ARM_isnan
<LI><a href="#[f7]">&gt;&gt;</a>&nbsp;&nbsp;&nbsp;__ARM_isnanf
<LI><a href="#[f3]">&gt;&gt;</a>&nbsp;&nbsp;&nbsp;get_decimal_point
<LI><a href="#[ee]">&gt;&gt;</a>&nbsp;&nbsp;&nbsp;compare_double
<LI><a href="#[a7]">&gt;&gt;</a>&nbsp;&nbsp;&nbsp;ensure
<LI><a href="#[fc]">&gt;&gt;</a>&nbsp;&nbsp;&nbsp;sscanf
<LI><a href="#[86]">&gt;&gt;</a>&nbsp;&nbsp;&nbsp;sprintf
</UL>
<BR>[Called By]<UL><LI><a href="#[a3]">&gt;&gt;</a>&nbsp;&nbsp;&nbsp;print_value
</UL>

<P><STRONG><a name="[a9]"></a>print_string</STRONG> (Thumb, 22 bytes, Stack size 16 bytes, cjson.o(.text), UNUSED)
<BR><BR>[Calls]<UL><LI><a href="#[fd]">&gt;&gt;</a>&nbsp;&nbsp;&nbsp;print_string_ptr
</UL>
<BR>[Called By]<UL><LI><a href="#[a3]">&gt;&gt;</a>&nbsp;&nbsp;&nbsp;print_value
</UL>

<P><STRONG><a name="[aa]"></a>print_array</STRONG> (Thumb, 270 bytes, Stack size 32 bytes, cjson.o(.text), UNUSED)
<BR><BR>[Calls]<UL><LI><a href="#[a7]">&gt;&gt;</a>&nbsp;&nbsp;&nbsp;ensure
<LI><a href="#[a4]">&gt;&gt;</a>&nbsp;&nbsp;&nbsp;update_offset
<LI><a href="#[a3]">&gt;&gt;</a>&nbsp;&nbsp;&nbsp;print_value
</UL>
<BR>[Called By]<UL><LI><a href="#[a3]">&gt;&gt;</a>&nbsp;&nbsp;&nbsp;print_value
</UL>

<P><STRONG><a name="[ab]"></a>print_object</STRONG> (Thumb, 582 bytes, Stack size 48 bytes, cjson.o(.text), UNUSED)
<BR><BR>[Calls]<UL><LI><a href="#[fd]">&gt;&gt;</a>&nbsp;&nbsp;&nbsp;print_string_ptr
<LI><a href="#[a7]">&gt;&gt;</a>&nbsp;&nbsp;&nbsp;ensure
<LI><a href="#[a4]">&gt;&gt;</a>&nbsp;&nbsp;&nbsp;update_offset
<LI><a href="#[a3]">&gt;&gt;</a>&nbsp;&nbsp;&nbsp;print_value
</UL>
<BR>[Called By]<UL><LI><a href="#[a3]">&gt;&gt;</a>&nbsp;&nbsp;&nbsp;print_value
</UL>

<P><STRONG><a name="[ae]"></a>get_array_item</STRONG> (Thumb, 86 bytes, Stack size 20 bytes, cjson.o(.text), UNUSED)
<BR><BR>[Called By]<UL><LI><a href="#[da]">&gt;&gt;</a>&nbsp;&nbsp;&nbsp;cJSON_ReplaceItemInArray
<LI><a href="#[d8]">&gt;&gt;</a>&nbsp;&nbsp;&nbsp;cJSON_InsertItemInArray
<LI><a href="#[d1]">&gt;&gt;</a>&nbsp;&nbsp;&nbsp;cJSON_DetachItemFromArray
<LI><a href="#[ad]">&gt;&gt;</a>&nbsp;&nbsp;&nbsp;cJSON_GetArrayItem
</UL>

<P><STRONG><a name="[b0]"></a>get_object_item</STRONG> (Thumb, 188 bytes, Stack size 40 bytes, cjson.o(.text))
<BR><BR>[Stack]<UL><LI>Max Depth = 72<LI>Call Chain = get_object_item &rArr; case_insensitive_strcmp
</UL>
<BR>[Calls]<UL><LI><a href="#[b2]">&gt;&gt;</a>&nbsp;&nbsp;&nbsp;case_insensitive_strcmp
<LI><a href="#[b1]">&gt;&gt;</a>&nbsp;&nbsp;&nbsp;strcmp
</UL>
<BR>[Called By]<UL><LI><a href="#[ed]">&gt;&gt;</a>&nbsp;&nbsp;&nbsp;cJSON_Compare
<LI><a href="#[b3]">&gt;&gt;</a>&nbsp;&nbsp;&nbsp;cJSON_GetObjectItemCaseSensitive
<LI><a href="#[af]">&gt;&gt;</a>&nbsp;&nbsp;&nbsp;cJSON_GetObjectItem
<LI><a href="#[dc]">&gt;&gt;</a>&nbsp;&nbsp;&nbsp;replace_item_in_object
</UL>

<P><STRONG><a name="[b2]"></a>case_insensitive_strcmp</STRONG> (Thumb, 136 bytes, Stack size 32 bytes, cjson.o(.text))
<BR><BR>[Stack]<UL><LI>Max Depth = 32<LI>Call Chain = case_insensitive_strcmp
</UL>
<BR>[Calls]<UL><LI><a href="#[fe]">&gt;&gt;</a>&nbsp;&nbsp;&nbsp;tolower
</UL>
<BR>[Called By]<UL><LI><a href="#[b0]">&gt;&gt;</a>&nbsp;&nbsp;&nbsp;get_object_item
</UL>

<P><STRONG><a name="[b6]"></a>add_item_to_array</STRONG> (Thumb, 112 bytes, Stack size 24 bytes, cjson.o(.text), UNUSED)
<BR><BR>[Calls]<UL><LI><a href="#[b7]">&gt;&gt;</a>&nbsp;&nbsp;&nbsp;suffix_object
</UL>
<BR>[Called By]<UL><LI><a href="#[d8]">&gt;&gt;</a>&nbsp;&nbsp;&nbsp;cJSON_InsertItemInArray
<LI><a href="#[bc]">&gt;&gt;</a>&nbsp;&nbsp;&nbsp;cJSON_AddItemReferenceToArray
<LI><a href="#[b5]">&gt;&gt;</a>&nbsp;&nbsp;&nbsp;cJSON_AddItemToArray
<LI><a href="#[b9]">&gt;&gt;</a>&nbsp;&nbsp;&nbsp;add_item_to_object
</UL>

<P><STRONG><a name="[b7]"></a>suffix_object</STRONG> (Thumb, 22 bytes, Stack size 8 bytes, cjson.o(.text), UNUSED)
<BR><BR>[Called By]<UL><LI><a href="#[e6]">&gt;&gt;</a>&nbsp;&nbsp;&nbsp;cJSON_CreateStringArray
<LI><a href="#[e5]">&gt;&gt;</a>&nbsp;&nbsp;&nbsp;cJSON_CreateDoubleArray
<LI><a href="#[e3]">&gt;&gt;</a>&nbsp;&nbsp;&nbsp;cJSON_CreateFloatArray
<LI><a href="#[e1]">&gt;&gt;</a>&nbsp;&nbsp;&nbsp;cJSON_CreateIntArray
<LI><a href="#[b6]">&gt;&gt;</a>&nbsp;&nbsp;&nbsp;add_item_to_array
</UL>

<P><STRONG><a name="[b9]"></a>add_item_to_object</STRONG> (Thumb, 178 bytes, Stack size 40 bytes, cjson.o(.text), UNUSED)
<BR><BR>[Calls]<UL><LI><a href="#[ba]">&gt;&gt;</a>&nbsp;&nbsp;&nbsp;cast_away_const
<LI><a href="#[b6]">&gt;&gt;</a>&nbsp;&nbsp;&nbsp;add_item_to_array
<LI><a href="#[8f]">&gt;&gt;</a>&nbsp;&nbsp;&nbsp;cJSON_strdup
</UL>
<BR>[Called By]<UL><LI><a href="#[cf]">&gt;&gt;</a>&nbsp;&nbsp;&nbsp;cJSON_AddArrayToObject
<LI><a href="#[cd]">&gt;&gt;</a>&nbsp;&nbsp;&nbsp;cJSON_AddObjectToObject
<LI><a href="#[cb]">&gt;&gt;</a>&nbsp;&nbsp;&nbsp;cJSON_AddRawToObject
<LI><a href="#[c9]">&gt;&gt;</a>&nbsp;&nbsp;&nbsp;cJSON_AddStringToObject
<LI><a href="#[c7]">&gt;&gt;</a>&nbsp;&nbsp;&nbsp;cJSON_AddNumberToObject
<LI><a href="#[c5]">&gt;&gt;</a>&nbsp;&nbsp;&nbsp;cJSON_AddBoolToObject
<LI><a href="#[c3]">&gt;&gt;</a>&nbsp;&nbsp;&nbsp;cJSON_AddFalseToObject
<LI><a href="#[c1]">&gt;&gt;</a>&nbsp;&nbsp;&nbsp;cJSON_AddTrueToObject
<LI><a href="#[bf]">&gt;&gt;</a>&nbsp;&nbsp;&nbsp;cJSON_AddNullToObject
<LI><a href="#[be]">&gt;&gt;</a>&nbsp;&nbsp;&nbsp;cJSON_AddItemReferenceToObject
<LI><a href="#[bb]">&gt;&gt;</a>&nbsp;&nbsp;&nbsp;cJSON_AddItemToObjectCS
<LI><a href="#[b8]">&gt;&gt;</a>&nbsp;&nbsp;&nbsp;cJSON_AddItemToObject
</UL>

<P><STRONG><a name="[ba]"></a>cast_away_const</STRONG> (Thumb, 10 bytes, Stack size 4 bytes, cjson.o(.text), UNUSED)
<BR><BR>[Called By]<UL><LI><a href="#[e0]">&gt;&gt;</a>&nbsp;&nbsp;&nbsp;cJSON_CreateArrayReference
<LI><a href="#[df]">&gt;&gt;</a>&nbsp;&nbsp;&nbsp;cJSON_CreateObjectReference
<LI><a href="#[de]">&gt;&gt;</a>&nbsp;&nbsp;&nbsp;cJSON_CreateStringReference
<LI><a href="#[b9]">&gt;&gt;</a>&nbsp;&nbsp;&nbsp;add_item_to_object
</UL>

<P><STRONG><a name="[bd]"></a>create_reference</STRONG> (Thumb, 156 bytes, Stack size 40 bytes, cjson.o(.text), UNUSED)
<BR><BR>[Calls]<UL><LI><a href="#[94]">&gt;&gt;</a>&nbsp;&nbsp;&nbsp;cJSON_New_Item
</UL>
<BR>[Called By]<UL><LI><a href="#[be]">&gt;&gt;</a>&nbsp;&nbsp;&nbsp;cJSON_AddItemReferenceToObject
<LI><a href="#[bc]">&gt;&gt;</a>&nbsp;&nbsp;&nbsp;cJSON_AddItemReferenceToArray
</UL>

<P><STRONG><a name="[dc]"></a>replace_item_in_object</STRONG> (Thumb, 134 bytes, Stack size 32 bytes, cjson.o(.text), UNUSED)
<BR><BR>[Calls]<UL><LI><a href="#[d9]">&gt;&gt;</a>&nbsp;&nbsp;&nbsp;cJSON_ReplaceItemViaPointer
<LI><a href="#[90]">&gt;&gt;</a>&nbsp;&nbsp;&nbsp;cJSON_free
<LI><a href="#[b0]">&gt;&gt;</a>&nbsp;&nbsp;&nbsp;get_object_item
<LI><a href="#[8f]">&gt;&gt;</a>&nbsp;&nbsp;&nbsp;cJSON_strdup
</UL>
<BR>[Called By]<UL><LI><a href="#[dd]">&gt;&gt;</a>&nbsp;&nbsp;&nbsp;cJSON_ReplaceItemInObjectCaseSensitive
<LI><a href="#[db]">&gt;&gt;</a>&nbsp;&nbsp;&nbsp;cJSON_ReplaceItemInObject
</UL>

<P><STRONG><a name="[ea]"></a>skip_oneline_comment</STRONG> (Thumb, 62 bytes, Stack size 4 bytes, cjson.o(.text), UNUSED)
<BR><BR>[Called By]<UL><LI><a href="#[e9]">&gt;&gt;</a>&nbsp;&nbsp;&nbsp;cJSON_Minify
</UL>

<P><STRONG><a name="[eb]"></a>skip_multiline_comment</STRONG> (Thumb, 74 bytes, Stack size 4 bytes, cjson.o(.text), UNUSED)
<BR><BR>[Called By]<UL><LI><a href="#[e9]">&gt;&gt;</a>&nbsp;&nbsp;&nbsp;cJSON_Minify
</UL>

<P><STRONG><a name="[ec]"></a>minify_string</STRONG> (Thumb, 178 bytes, Stack size 8 bytes, cjson.o(.text), UNUSED)
<BR><BR>[Called By]<UL><LI><a href="#[e9]">&gt;&gt;</a>&nbsp;&nbsp;&nbsp;cJSON_Minify
</UL>

<P><STRONG><a name="[ee]"></a>compare_double</STRONG> (Thumb, 232 bytes, Stack size 48 bytes, cjson.o(.text), UNUSED)
<BR><BR>[Calls]<UL><LI><a href="#[f1]">&gt;&gt;</a>&nbsp;&nbsp;&nbsp;__aeabi_dmul
<LI><a href="#[f0]">&gt;&gt;</a>&nbsp;&nbsp;&nbsp;__aeabi_dsub
<LI><a href="#[ef]">&gt;&gt;</a>&nbsp;&nbsp;&nbsp;__aeabi_dcmple
</UL>
<BR>[Called By]<UL><LI><a href="#[ed]">&gt;&gt;</a>&nbsp;&nbsp;&nbsp;cJSON_Compare
<LI><a href="#[a8]">&gt;&gt;</a>&nbsp;&nbsp;&nbsp;print_number
</UL>

<P><STRONG><a name="[f2]"></a>utf16_literal_to_utf8</STRONG> (Thumb, 458 bytes, Stack size 48 bytes, cjson.o(.text))
<BR><BR>[Stack]<UL><LI>Max Depth = 64<LI>Call Chain = utf16_literal_to_utf8 &rArr; parse_hex4
</UL>
<BR>[Calls]<UL><LI><a href="#[f5]">&gt;&gt;</a>&nbsp;&nbsp;&nbsp;parse_hex4
</UL>
<BR>[Called By]<UL><LI><a href="#[9a]">&gt;&gt;</a>&nbsp;&nbsp;&nbsp;parse_string
</UL>

<P><STRONG><a name="[f3]"></a>get_decimal_point</STRONG> (Thumb, 4 bytes, Stack size 0 bytes, cjson.o(.text))
<BR><BR>[Called By]<UL><LI><a href="#[a8]">&gt;&gt;</a>&nbsp;&nbsp;&nbsp;print_number
<LI><a href="#[9b]">&gt;&gt;</a>&nbsp;&nbsp;&nbsp;parse_number
</UL>

<P><STRONG><a name="[f5]"></a>parse_hex4</STRONG> (Thumb, 190 bytes, Stack size 16 bytes, cjson.o(.text))
<BR><BR>[Stack]<UL><LI>Max Depth = 16<LI>Call Chain = parse_hex4
</UL>
<BR>[Called By]<UL><LI><a href="#[f2]">&gt;&gt;</a>&nbsp;&nbsp;&nbsp;utf16_literal_to_utf8
</UL>

<P><STRONG><a name="[f7]"></a>__ARM_isnanf</STRONG> (Thumb, 24 bytes, Stack size 4 bytes, cjson.o(.text), UNUSED)
<BR><BR>[Called By]<UL><LI><a href="#[a8]">&gt;&gt;</a>&nbsp;&nbsp;&nbsp;print_number
</UL>

<P><STRONG><a name="[f8]"></a>__ARM_isnan</STRONG> (Thumb, 46 bytes, Stack size 16 bytes, cjson.o(.text), UNUSED)
<BR><BR>[Called By]<UL><LI><a href="#[a8]">&gt;&gt;</a>&nbsp;&nbsp;&nbsp;print_number
</UL>

<P><STRONG><a name="[f9]"></a>__ARM_isinff</STRONG> (Thumb, 28 bytes, Stack size 4 bytes, cjson.o(.text), UNUSED)
<BR><BR>[Called By]<UL><LI><a href="#[a8]">&gt;&gt;</a>&nbsp;&nbsp;&nbsp;print_number
</UL>

<P><STRONG><a name="[fa]"></a>__ARM_isinf</STRONG> (Thumb, 52 bytes, Stack size 16 bytes, cjson.o(.text), UNUSED)
<BR><BR>[Called By]<UL><LI><a href="#[a8]">&gt;&gt;</a>&nbsp;&nbsp;&nbsp;print_number
</UL>

<P><STRONG><a name="[fd]"></a>print_string_ptr</STRONG> (Thumb, 534 bytes, Stack size 56 bytes, cjson.o(.text), UNUSED)
<BR><BR>[Calls]<UL><LI><a href="#[a7]">&gt;&gt;</a>&nbsp;&nbsp;&nbsp;ensure
<LI><a href="#[86]">&gt;&gt;</a>&nbsp;&nbsp;&nbsp;sprintf
<LI><a href="#[8e]">&gt;&gt;</a>&nbsp;&nbsp;&nbsp;strcpy
<LI><a href="#[91]">&gt;&gt;</a>&nbsp;&nbsp;&nbsp;__aeabi_memcpy
</UL>
<BR>[Called By]<UL><LI><a href="#[ab]">&gt;&gt;</a>&nbsp;&nbsp;&nbsp;print_object
<LI><a href="#[a9]">&gt;&gt;</a>&nbsp;&nbsp;&nbsp;print_string
</UL>

<P><STRONG><a name="[102]"></a>__NVIC_SetPriority</STRONG> (Thumb, 66 bytes, Stack size 8 bytes, water_level.o(.text))
<BR><BR>[Stack]<UL><LI>Max Depth = 8<LI>Call Chain = __NVIC_SetPriority
</UL>
<BR>[Called By]<UL><LI><a href="#[63]">&gt;&gt;</a>&nbsp;&nbsp;&nbsp;water_level_init
</UL>

<P><STRONG><a name="[103]"></a>__NVIC_EnableIRQ</STRONG> (Thumb, 48 bytes, Stack size 4 bytes, water_level.o(.text))
<BR><BR>[Stack]<UL><LI>Max Depth = 4<LI>Call Chain = __NVIC_EnableIRQ
</UL>
<BR>[Called By]<UL><LI><a href="#[63]">&gt;&gt;</a>&nbsp;&nbsp;&nbsp;water_level_init
</UL>

<P><STRONG><a name="[117]"></a>__NVIC_SetPriority</STRONG> (Thumb, 66 bytes, Stack size 8 bytes, lora.o(.text))
<BR><BR>[Stack]<UL><LI>Max Depth = 8<LI>Call Chain = __NVIC_SetPriority
</UL>
<BR>[Called By]<UL><LI><a href="#[65]">&gt;&gt;</a>&nbsp;&nbsp;&nbsp;lora_init
</UL>

<P><STRONG><a name="[118]"></a>__NVIC_EnableIRQ</STRONG> (Thumb, 48 bytes, Stack size 4 bytes, lora.o(.text))
<BR><BR>[Stack]<UL><LI>Max Depth = 4<LI>Call Chain = __NVIC_EnableIRQ
</UL>
<BR>[Called By]<UL><LI><a href="#[65]">&gt;&gt;</a>&nbsp;&nbsp;&nbsp;lora_init
</UL>

<P><STRONG><a name="[147]"></a>_fp_digits</STRONG> (Thumb, 366 bytes, Stack size 64 bytes, printfa.o(i._fp_digits), UNUSED)
<BR><BR>[Calls]<UL><LI><a href="#[f1]">&gt;&gt;</a>&nbsp;&nbsp;&nbsp;__aeabi_dmul
<LI><a href="#[131]">&gt;&gt;</a>&nbsp;&nbsp;&nbsp;__aeabi_uldivmod
<LI><a href="#[137]">&gt;&gt;</a>&nbsp;&nbsp;&nbsp;__aeabi_ddiv
<LI><a href="#[129]">&gt;&gt;</a>&nbsp;&nbsp;&nbsp;__aeabi_dadd
<LI><a href="#[13e]">&gt;&gt;</a>&nbsp;&nbsp;&nbsp;__aeabi_d2ulz
<LI><a href="#[148]">&gt;&gt;</a>&nbsp;&nbsp;&nbsp;__aeabi_cdrcmple
</UL>
<BR>[Called By]<UL><LI><a href="#[143]">&gt;&gt;</a>&nbsp;&nbsp;&nbsp;_printf_core
</UL>

<P><STRONG><a name="[143]"></a>_printf_core</STRONG> (Thumb, 1744 bytes, Stack size 136 bytes, printfa.o(i._printf_core), UNUSED)
<BR><BR>[Calls]<UL><LI><a href="#[131]">&gt;&gt;</a>&nbsp;&nbsp;&nbsp;__aeabi_uldivmod
<LI><a href="#[14b]">&gt;&gt;</a>&nbsp;&nbsp;&nbsp;__aeabi_uidivmod
<LI><a href="#[149]">&gt;&gt;</a>&nbsp;&nbsp;&nbsp;_printf_pre_padding
<LI><a href="#[14a]">&gt;&gt;</a>&nbsp;&nbsp;&nbsp;_printf_post_padding
<LI><a href="#[147]">&gt;&gt;</a>&nbsp;&nbsp;&nbsp;_fp_digits
</UL>
<BR>[Called By]<UL><LI><a href="#[145]">&gt;&gt;</a>&nbsp;&nbsp;&nbsp;__0sprintf
<LI><a href="#[144]">&gt;&gt;</a>&nbsp;&nbsp;&nbsp;__0snprintf
<LI><a href="#[142]">&gt;&gt;</a>&nbsp;&nbsp;&nbsp;__0printf
</UL>

<P><STRONG><a name="[14a]"></a>_printf_post_padding</STRONG> (Thumb, 36 bytes, Stack size 24 bytes, printfa.o(i._printf_post_padding), UNUSED)
<BR><BR>[Called By]<UL><LI><a href="#[143]">&gt;&gt;</a>&nbsp;&nbsp;&nbsp;_printf_core
</UL>

<P><STRONG><a name="[149]"></a>_printf_pre_padding</STRONG> (Thumb, 46 bytes, Stack size 24 bytes, printfa.o(i._printf_pre_padding), UNUSED)
<BR><BR>[Called By]<UL><LI><a href="#[143]">&gt;&gt;</a>&nbsp;&nbsp;&nbsp;_printf_core
</UL>

<P><STRONG><a name="[57]"></a>_snputc</STRONG> (Thumb, 22 bytes, Stack size 0 bytes, printfa.o(i._snputc))
<BR>[Address Reference Count : 1]<UL><LI> printfa.o(i.__0snprintf)
</UL>
<P><STRONG><a name="[58]"></a>_sputc</STRONG> (Thumb, 10 bytes, Stack size 0 bytes, printfa.o(i._sputc))
<BR><BR>[Called By]<UL><LI><a href="#[145]">&gt;&gt;</a>&nbsp;&nbsp;&nbsp;__0sprintf
</UL>
<BR>[Address Reference Count : 1]<UL><LI> printfa.o(i.__0sprintf)
</UL>
<P><STRONG><a name="[146]"></a>internal_alloc</STRONG> (Thumb, 76 bytes, Stack size 24 bytes, mallocr2.o(i.internal_alloc))
<BR><BR>[Stack]<UL><LI>Max Depth = 24<LI>Call Chain = internal_alloc
</UL>
<BR>[Calls]<UL><LI><a href="#[91]">&gt;&gt;</a>&nbsp;&nbsp;&nbsp;__aeabi_memcpy
</UL>
<BR>[Called By]<UL><LI><a href="#[51]">&gt;&gt;</a>&nbsp;&nbsp;&nbsp;realloc
<LI><a href="#[4f]">&gt;&gt;</a>&nbsp;&nbsp;&nbsp;malloc
</UL>

<P><STRONG><a name="[135]"></a>_fp_value</STRONG> (Thumb, 296 bytes, Stack size 64 bytes, scanf_fp.o(.text), UNUSED)
<BR><BR>[Calls]<UL><LI><a href="#[f1]">&gt;&gt;</a>&nbsp;&nbsp;&nbsp;__aeabi_dmul
<LI><a href="#[136]">&gt;&gt;</a>&nbsp;&nbsp;&nbsp;__aeabi_ul2d
<LI><a href="#[137]">&gt;&gt;</a>&nbsp;&nbsp;&nbsp;__aeabi_ddiv
</UL>
<BR>[Called By]<UL><LI><a href="#[138]">&gt;&gt;</a>&nbsp;&nbsp;&nbsp;_scanf_really_real
</UL>

<P><STRONG><a name="[54]"></a>_scanf_char_input</STRONG> (Thumb, 12 bytes, Stack size 0 bytes, scanf_char.o(.text))
<BR>[Address Reference Count : 1]<UL><LI> scanf_char.o(.text)
</UL>
<P><STRONG><a name="[13b]"></a>_local_sscanf</STRONG> (Thumb, 62 bytes, Stack size 64 bytes, strtod.o(.text))
<BR><BR>[Stack]<UL><LI>Max Depth = 168<LI>Call Chain = _local_sscanf &rArr; _scanf_real
</UL>
<BR>[Calls]<UL><LI><a href="#[13c]">&gt;&gt;</a>&nbsp;&nbsp;&nbsp;_scanf_real
</UL>
<BR>[Called By]<UL><LI><a href="#[13d]">&gt;&gt;</a>&nbsp;&nbsp;&nbsp;__strtod_int
</UL>
<P>
<H3>
Undefined Global Symbols
</H3><HR></body></html>
